QA output created by 030
wrote 5137408/5137408 bytes at offset 0
XXX Bytes, X ops; XX:XX:XX.X (XXX YYY/sec and XXX ops/sec)
==== Pre-Remount ===
000000 58 58 58 58 58 58 58 58 58 58 58 58 58 58 58 58  >XXXXXXXXXXXXXXXX<
*
4e6400 59 59 59 59 59 59 59 59 59 59 59 59 59 59 59 59  >YYYYYYYYYYYYYYYY<
*
4e7000
==== Post-Remount ==
000000 58 58 58 58 58 58 58 58 58 58 58 58 58 58 58 58  >XXXXXXXXXXXXXXXX<
*
4e6400 59 59 59 59 59 59 59 59 59 59 59 59 59 59 59 59  >YYYYYYYYYYYYYYYY<
*
4e7000
wrote 5137408/5137408 bytes at offset 0
XXX Bytes, X ops; XX:XX:XX.X (XXX YYY/sec and XXX ops/sec)
==== Pre-Remount ===
000000 58 58 58 58 58 58 58 58 58 58 58 58 58 58 58 58  >XXXXXXXXXXXXXXXX<
*
4e6000 5a 5a 5a 5a 5a 5a 5a 5a 5a 5a 5a 5a 5a 5a 5a 5a  >ZZZZZZZZZZZZZZZZ<
*
4e6400 59 59 59 59 59 59 59 59 59 59 59 59 59 59 59 59  >YYYYYYYYYYYYYYYY<
*
4e7000
==== Post-Remount ==
000000 58 58 58 58 58 58 58 58 58 58 58 58 58 58 58 58  >XXXXXXXXXXXXXXXX<
*
4e6000 5a 5a 5a 5a 5a 5a 5a 5a 5a 5a 5a 5a 5a 5a 5a 5a  >ZZZZZZZZZZZZZZZZ<
*
4e6400 59 59 59 59 59 59 59 59 59 59 59 59 59 59 59 59  >YYYYYYYYYYYYYYYY<
*
4e7000
wrote 5136912/5136912 bytes at offset 0
XXX Bytes, X ops; XX:XX:XX.X (XXX YYY/sec and XXX ops/sec)
==== Pre-Remount ===
000000 58 58 58 58 58 58 58 58 58 58 58 58 58 58 58 58  >XXXXXXXXXXXXXXXX<
*
4e6210 59 59 59 59 59 59 59 59 59 59 59 59 59 59 59 59  >YYYYYYYYYYYYYYYY<
*
4e6d00 59 59 59 59 59 59 59 59 00 00 00 00 00 00 00 00  >YYYYYYYY........<
4e6d10 00 00 00 00 00 00 00 00 00 00 00 00 00 00 00 00  >................<
*
4e7000
==== Post-Remount ==
000000 58 58 58 58 58 58 58 58 58 58 58 58 58 58 58 58  >XXXXXXXXXXXXXXXX<
*
4e6210 59 59 59 59 59 59 59 59 59 59 59 59 59 59 59 59  >YYYYYYYYYYYYYYYY<
*
4e6d00 59 59 59 59 59 59 59 59 00 00 00 00 00 00 00 00  >YYYYYYYY........<
4e6d10 00 00 00 00 00 00 00 00 00 00 00 00 00 00 00 00  >................<
*
4e7000
