QA output created by 032
100 iterations
000000 cd cd cd cd cd cd cd cd cd cd cd cd cd cd cd cd  >................<
*
100000
