QA output created by 033
000000 00 00 00 00 00 00 00 00 00 00 00 00 00 00 00 00  >................<
*
010000
