QA output created by 352
0: [0..65535]: shared
1: [65536..65543]: shared|last
