QA output created by 374
Format and mount
Mount otherdir
Create file
Dedupe one file to another
deduped 65536/65536 bytes at offset 0
XXX Bytes, X ops; XX:XX:XX.X (XXX YYY/sec and XXX ops/sec)
Check output
2d61aa54b58c2e94403fb092c3dbc027  SCRATCH_MNT/test-374/file
2d61aa54b58c2e94403fb092c3dbc027  OTHER_DIR/test-374/otherfile
Unmount otherdir
