QA output created by 404
#3 d5562922bd01c2def22f4225aaacd1c2  -
#4 e5f7593f700782765f56f83bd355079b  -
#5 837132f2781fe2153853fba18f5767a2  -
#6 ff35d6b4461189846c6eb9e1fecfdda8  -
#7 c6da6180691decb6e365f5b5a222241c  -
#8 91f7aad51e10aafc550f0622d9662b2e  -
#9 1798f55394e4627379f2c8ca705c1fb3  -
#10 45c62c4137b971ec844119361a20e9e5  -
#11 d8152a64ea495a677b5d199355f66aa6  -
#12 b9c755322ccb93006363c0092a5ee755  -
#13 8a38c7fb654d8acbbe449d8f5d1e6dc3  -
#14 4b4a51949b8d6ffe481ff068908272b4  -
#15 30699dd504b8d2ce64d294ccc062bbc1  -
#16 543eeb88f32e75f93f6537e59b25f8e6  -
#17 9394c31d17d43af545be3c8854742208  -
#18 c38aff421cfbfa5a31ca61705db17bbd  -
#19 24aeee0996471a820feb84ca281270f6  -
#20 c024e6d4a0ed4cb619d0d42e49ac538f  -
#21 2432a83b52b89ad262483dcb0d3a8634  -
#22 46d0c05d732e8b898d35a5250a2914b3  -
#23 c2cf9e9324168a1bdee5f646d6fa7bad  -
#24 93dbf94aafe3cf06e201f047e8f897c8  -
#25 81aefc3b3709cf7e4ab474347a477caf  -
#26 7718670b6d23bd05d0533f14f04bf452  -
#27 e31fa2313b029b63f49d0cd989a1fa89  -
#28 ef1e1ee57c2e07ac9831f79254c54a33  -
#29 427dc7903688705517ea50ec2bcda1a5  -
#30 300a25a000e96c0d9cc8c4191221649f  -
#31 4ec4f8af749bc7161010db71a009d790  -
#32 8200b15e91b1d865c0dd7e65f0152aa7  -
#33 2e5c627c050525b80906ab6edcb625a6  -
#34 2beaf294e6220d1b447c8ce0db186565  -
#35 867d5b0427fae7287fd4360d64e901c4  -
#36 0c89408220063edc5db47b244cb5815d  -
#37 419d11e031fc33e587d92208d60fe73b  -
#38 a179448d3005e565dfce12657ded6872  -
#39 75e8fcfdc9a760dac0a02160bae83a26  -
#40 49b0a366321174ba93384b8acba3484f  -
#41 f56e56df00385341ddd1e5242ca7f3c1  -
#42 5575be655eba62878a024e20d1fb7ddb  -
#43 ee55b48c99ac228ec0932ce0b3790ed2  -
#44 f8456ca58733703aafbf575d95e9d2a6  -
#45 0d890c48700ae8f6e992f01f736d334e  -
#46 436d82f25d1c6c7607c9c672a24a3780  -
#47 6ead14b8448aefd802c3a08e193f7ba5  -
#48 8ca07d36cd44689c6b3b27770c13b170  -
#49 d522ad80f1ec31680e859fbdde8535da  -
#50 e41928debb9ba03fb5e68e408197205a  -
#51 1031e47c6cdc969b59899fe7c150292a  -
#52 36fdf921a87ec5451efb9c8edad3790c  -
#53 5d464e32abb1235e0d11c09699b4cb7a  -
#54 60e6286f2c618c801669aef26b3f3479  -
#55 574617479e525be26df00ca8205e5948  -
#56 ba4bf511209e73ba3749aee2b580ff64  -
#57 0ee54e25aab6ddb43e26ba5d9401aef2  -
#58 03bc8e590b6beac2e154ad417382caea  -
#59 b4bf4815dd849cbc63536623412d5d58  -
#60 6ed2c2c00a4876122a3412b492d54ec1  -
#61 90b283ef67e61056dc30adb6f9738cd6  -
#62 2f6b932580dcdc868c2e6367f7243f4d  -
#63 6c8f4c7fe3a5f9adf6f806e19e438ab0  -
#64 1c6eb8f0bad6db54cdb40c519e36ebc0  -
#65 12ff70b9ed19ab870198e14b76838928  -
#66 1f57bd362faa064ef7988554e260d507  -
#67 a75fbd63eecc9df99cfbc245a1cacc31  -
#68 57adac1241bdf7db5b510e5d4761653c  -
#69 ada45ad6641885ce1b76ffa9d084c03e  -
#70 d4ed14a9c13c2a90fdf1cb02f2d29f60  -
#71 62536c2f0f48dd4dd77491e1fda7602b  -
#72 57db6eafd0b070684a3c8b9c272f53f3  -
#73 64e42993b2846c08567830a03393c149  -
#74 61e3ac03c779592e9ff51839de6ff956  -
#75 ca870235c1781cc4c6416c73533f7c0a  -
#76 3c1df0e8cab28862c89a3540651cab43  -
#77 211f22ed5f2255a22c3af7a7c2f608d7  -
#78 1c3469c5f818a907351d7e8ddadb77b9  -
#79 d8d0c2892320999f3fcd430b7de70550  -
#80 b65b305b0aaddc2b66d16b37022567b8  -
#81 0b754a882ed3f13c88ae19ec764cde1d  -
#82 0824e8d8a35b52b5a3ce85a5bc719801  -
#83 c506e33e587e542cdb87daeef7e059d2  -
#84 85051bc8947d3809315904b0b04c129c  -
#85 a21f86b74775b2a684ae7d02160ef90a  -
#86 f444c659008fd8161ee37aa34a7a41b8  -
#87 c1c7e8b22569a397c1aad1be2720b0ff  -
#88 733d76e751fd17f30259ee17a002aab2  -
#89 dd0f6d83379622838dc736dd5abdefc0  -
#90 5c984177326ad637417114944673af73  -
#91 97db15b0a88838f20f58c1a99370f744  -
#92 f54e6bc5c5fcb045f427a3b410baa7d4  -
#93 8327f892d9a21cbe1794c5e855256322  -
#94 c0752c11b43e6119c132d7a54dfdcb03  -
#95 189abce9c6b3ef63796613a98c47b978  -
#96 33c85c6b6c807bfd83406352c3b99edf  -
#97 f20a270fd45e7e5fc9da3bd4d42d6e16  -
#98 15256cec5418f0c024f48fa11b2e28c0  -
#99 ea7f43f342b778b6ed88269c0618be69  -
#100 24912ede6dd19eb8b5a476d0f432afe9  -
#101 ef44119dc54ca97afb1d576f189a8a5e  -
#102 d76288f0ba0652cc12137d0bd2184bdb  -
#103 61fd7af710b1ebb469d8e4d9f8012c68  -
#104 9abc88b56a3f625692a576ba968108be  -
#105 774c5ff756ba78e09ee184f4f3ac0712  -
#106 17b923c26e44b81eafb27f641a97f879  -
#107 d259a0342c50032f19dc16bd7fc1c490  -
#108 b04d9f0306ded13b4cb91901d38938cf  -
#109 6112916571e9304d270659840a23c748  -
#110 2a3e6e89b0d764362c9c788b45e7d4c2  -
#111 d36fdcb7f75baa041d6df857f17b0731  -
#112 e79202a683a5869eb58f59e564e472d8  -
#113 95ec12a1da0bc9ed2b57b0b72e629ba6  -
#114 56e4d0d07ff371b8e4d16a0d38763382  -
#115 39f708354885569ec0273206c54b02f5  -
#116 8306b168fbc12c9b96e09951c6a4696b  -
#117 3e65077aca42b3328cbe6636eb47cb4b  -
#118 742b87d458b48f34df061d5445268448  -
#119 a1b765f87adb38884a3e902e516000e1  -
#120 f46f0dd041ea3dfdee9dd8ca0367981b  -
#121 253a4401bc29a1989b9066ca26b1edf7  -
#122 a89618da4c7b8a844e13f608c0191d8b  -
#123 bd5fa94bfc71ad7b21f7055d31e27a45  -
#124 1365a878a773e29b7641e69323b1aa6a  -
#125 e6156bf9342b13689f8765478f48bf11  -
#126 fbbd1f9e2176f66e7724fafdc2abf0a1  -
#127 dd2b237266ada98a1e107f70003c300d  -
#128 851b331ded90b233967f7e67858725d6  -
#129 0f1df8479bf9000c1dc31ec723fc9e52  -
#130 2c4d196347d318817f48aad6fd945c88  -
#131 b2159cca0c052303c2738e58b79073a1  -
#132 9bf6191db1b30f1258cee87d7a261925  -
#133 7544c0c0a62f64bf0295bda63a0f7f87  -
#134 4c687b54b76e488623c2d29ef748e857  -
#135 7175d89174076d79098cbba4f2c0b340  -
#136 377121c04602c10b3c5665bcb10b1f48  -
#137 c7786e08290304945bf17923dd179ccd  -
#138 21ef6f1ad7e4cd95742621e0c818e2b0  -
#139 85b9054f46e8756483eacedbe26fc2da  -
#140 7fd3ecfa72af2a2117009beaa3fc5f2f  -
#141 2c3cec047724ac3feea9b97bc2f27feb  -
#142 2c8c3bac616479ea8854a3821590c111  -
#143 6d1c0330e6e87a0d5125f8c8614c13d2  -
#144 30fb90522b6e4f75f03f894199a00379  -
#145 7b37c588e673e5fdc6e18ea48dbe8af7  -
#146 868fe667da99b37afe8b405ac3467803  -
#147 a943f9886f86cf6f26abfd826662ceea  -
#148 3bc9b0f2565960616eb287a05e965e23  -
#149 835a8dab98f6ac5cd50131e6c9cf4074  -
#150 672a86ec553e134911c314538b1d246c  -
#151 3c21c0f5ad912035478bf3ae971418b0  -
#152 3fe7be1531ecdfbc10084e14fe7c7d68  -
#153 6d4302bec07083765121eddb0ed26ad2  -
#154 bb416dc1182863aaad6003234b5c6d3b  -
#155 f4f4b393ea1fd5487f9f470cd0c89863  -
#156 27423de22ab7ca5df8807437bda90e71  -
#157 bdc006945f09638468bb4c2b1d475bf9  -
#158 b702fbbb2a3e91903f438167a033f9c9  -
#159 fd159753ce5c3d16840db43523646d6f  -
#160 a3586d9d864de93f605275c3ba45bfc0  -
#161 7c09d1987189bdf9ce5b88290e67ecee  -
#162 2852fa065bbf09e07f46d47d716f4c16  -
#163 8d9600088820ee39fe17065dca290f69  -
#164 36b0ac4267b29ec3123c80fe4f7f7a80  -
#165 127d1088fcf34e72fdca10998649d608  -
#166 ece3e6bc4efcb556f4e26f62c3baeaf6  -
#167 3086e166949ef1db0f5d5252b90e8638  -
#168 e4e2e0a46f591c7e3a7f47ede4b945d0  -
#169 cbe72750798fce811544227dd9ca8f79  -
#170 b506cc10b41f8911dd4ac764b729cecb  -
#171 b211967b098994f110a05d971d8df872  -
#172 80e142dfc94d7a2e2a7b3a0b1be1b0e7  -
#173 57e6887f5c8e21349444473b6d0d5aca  -
#174 0bf3acb5a4f232f06a3ed87469b480f8  -
#175 445246a06c542c36877a79c8e1f38c08  -
#176 ae0ee407d192bab259381d2980d6d9cc  -
#177 2b7cf418b41f692d47cca6b79587f365  -
#178 e4ad262c3815ccd99e446122dee2f207  -
#179 e11b83effa848a95d7c4b1b3d7521790  -
#180 b509a6c3b54cdeac48eb20099f54f3de  -
#181 18d0092dfcc2e85edb3534f9104ec7e8  -
#182 27c39f51c80037724ef1381f61bb773a  -
#183 c54d86713578d4899013962428ce20e7  -
#184 1a3fc1ac425caa0d4e89a513fafb4ecc  -
#185 ef85c88903c6e2dbbd5c9e4169834919  -
#186 1942aa41ab9903b2354fa2b5a9e4cb3e  -
#187 67d11a091d92bdae84b6a8ca64e78716  -
#188 1f63ba8d3064fa334588964dacec3751  -
#189 86a1ad7f201b7982b8d0d54adf8087fc  -
#190 b1839c6298487779aaa1aa0351d55af5  -
#191 ef2cf038ab79f144a020fad1a1ab9ad1  -
#192 829a243795dded8e31245e3fd161e1d2  -
#193 8910cbd8975d9fa8309792c74cca08cc  -
#194 616fa1a69389ee9d72cef85fdc3cfb4e  -
#195 1542c7036fc11e70a648161a1b6ba81f  -
#196 e5e5301faf37451ff294887f7a34fc6e  -
#197 0a2a379f14ef45b0edd1c6e79e4cb5b6  -
#198 a042581ee6e5ac04fc5845505ae5571e  -
#199 b4e0c1268b6981b41061eb2ab38fe08e  -
#200 d5cf63599b3de2b47b4031d828986d01  -
#201 3569606c8a40ac43d058f27e41a34bda  -
#202 0e4d19efcff71b5a5421c8c729931233  -
#203 ad030569e877cb5c09d71c44794a530b  -
#204 6cc4c99ac22ec6b3a786c7df52989d28  -
#205 d4b35c8a179139468b40316c341edc49  -
#206 fa1f10a0e9f9fcd809d1f7c16767ae17  -
#207 04eca02c5db47e7d7871206262b0e3e0  -
#208 993f812816edac9171691db2c9325ec8  -
#209 ac9b8ed10823c9ff3c7ae4546b25269d  -
#210 f14c447deb194d96a1d7dfdef2ad9dc3  -
#211 6a93bdbb3fd2ed0b57640a408f91216f  -
#212 4704729f7596da0f682c2b3eb1a85297  -
#213 6e3a87fe68c94b482ed8d9062835882c  -
#214 40ffa48eedcf60a2aca003001e5f7a64  -
#215 6a6a48a7521b4bdb67e7a75bb3cf034e  -
#216 f5e289488e11f492bacc2d5a6de2ef45  -
#217 c61226171c1a6d2d7e482612b080c6a7  -
#218 fa0aea0bcbf201e693a75d01899349c0  -
#219 a8d3261699fd8c047c9a9915d7fc1b86  -
#220 7dd83fdeba3630b97d82bc6bd10f2c6e  -
#221 4f8e6f718cc40246f76e981811d0e9fa  -
#222 b2f22d726a8f82493b816963b8f85942  -
#223 a7e5d702ca57aa92d33f93725953779f  -
#224 1a62778e968975accfd74952d84b3741  -
#225 b96bffac046b5ac6873f1ffe66879604  -
#226 babe422fb8bc77a28bbc1fa0d9f02bce  -
#227 6254d3fe44353051707ea92927d0dbdb  -
#228 719b6c02624aea67389c9a55669cf575  -
#229 3eaebf108554a1487aef12309636fa77  -
#230 656a145e8ce2d30c5a0f23605295eaab  -
#231 d82afa48e78c122353abfb0787f3d17a  -
#232 28fe331e5d8f076aef8fc52272f43d10  -
#233 9b42a65979b0d6a24e708e49ee2efd45  -
#234 393dadeaa4cdb7f4c7b6b615e3e5529f  -
#235 b88ca02ce15cd84fe1d2ee628319cb72  -
#236 cbaa250566b9662849f09f7dc93bb7a1  -
#237 2776b9e71402387564681e2d3ab7ba29  -
#238 2d31d2c0ee6281921acdadcc43968c5c  -
#239 fd2fcb4375a77019242ee8471de8533a  -
#240 81d0592fe61b9ad503635b80b1c30bbc  -
#241 cf7ed9b2dbed196c2088f1969dbffba0  -
#242 b805f104f0bac11136ba102cd73fc24a  -
#243 01c59bf3cb8f8b6cd63774db7a19c51b  -
#244 8a262e0d8172bf99c2da29febc763c43  -
#245 13e938182a07e9a456c7264c1d0789b8  -
#246 68fa83d62c00a9c51fc78f8fa514ab67  -
#247 595bc325c36d3decc9d571bd67e4e34e  -
#248 78a1eea30e9caaf6c2e38b1850a87791  -
#249 9d1f314e8e919b8a350c8c4ba2b7e108  -
#250 39b7364611b7a8756833d66667973a29  -
#251 5a30ef17e47fb62a4817744bfeaed581  -
#252 e37124ed905848369e0c4a58097a8928  -
#253 c2531e8be1ad3f6885ded0884b3caa30  -
#254 810233cb8f4dcaec331b373fbbc46a5e  -
#255 5b7c9afa1ef742c891bb2b16911a70a3  -
#256 9647696eb24ca112080639f916f46eb1  -
#257 0596c366d80427d86c9ff4a222818344  -
#258 6496cc74071404a78f00d506c8fd7d9d  -
#259 c92137074484ec595e3c359499d08442  -
#260 448841f26c871d396305e132d8ef423d  -
#261 9de74561a2653ebfb5bac5f341ddc305  -
#262 e55723ffca15cfbcfc5ad0f7309ecbfc  -
#263 329adfce75805f0f5160a2bde7cf309d  -
#264 78e7b12ae40d0a8f6c87ad8243e49711  -
#265 6a1139054e2c226d5abf06983bd7fb81  -
#266 5e3add49ee2b8bf7f74ce8f4ad8b1266  -
#267 66d42d5a3222b8262ffecef5c465066b  -
#268 94eccec4dd776e92e0fbf70ac58f2b59  -
#269 5a1f7e8c9773efe1433972e83edf2b95  -
#270 0bbb0c32c60a0d19271c459582c15b33  -
#271 2b7bff9186af590bf3796f3b6a03ec5b  -
#272 973babf27abb4dc839630b3b70be4b92  -
#273 9f88dba349c56f664300286dbe0e768c  -
#274 478e2ae3576c6924dc7a935a81ae3766  -
#275 c8c359daab7e486c8cccfbddb6eec7a1  -
#276 7fe80c5b9310ed885f756e25dfd923cb  -
#277 9ef32a6e753e29d9669ec9ff2a2bdcef  -
#278 c8144e1e9e03d16173afaee0385d9815  -
#279 3464df4d673938ba074988b3fd1c6972  -
#280 a5c21b0e56fb3ef554ac6d03bafd4d6f  -
#281 a8e06b32ff431385db3a91d243de6750  -
#282 31ff4e5cd507cc17d2f372000302d37f  -
#283 f725cbfdd7e64865e50abb9fcf001d36  -
#284 132eff1ff4bf750d5ed45a6649ee89ac  -
#285 33d3a3e2ddfb1cef8de59a95bfbc7203  -
#286 784176f109f69b8733f244b7021c0ab2  -
#287 3ed8826974bde881280c817e1398d0f5  -
#288 c6dbb34e2816d5dfaba1eb5d3c3bbf56  -
#289 879774daac87cc41ba8b321ea226225b  -
#290 7c1457e522dd5f0f9fc9e480d25e81e2  -
#291 546202629b1c7780e37cab8f5725a6b0  -
#292 2a987c996e8e9db93d8e592d540b8b16  -
#293 154752165525812568703bafd256f900  -
#294 f969409d8ade2050f481972e83a65d37  -
#295 0220ade479f972a8271c9eb221949b83  -
#296 33b6020eddbfa5dbea7161ab784f701c  -
#297 087df43fb0ac62212df682db5a59bfff  -
#298 59a7e049e29cb79ab6142bc5d3d9ced7  -
#299 35bc369ce3de481ee81a99897390c45d  -
#300 81fa0548ef37b22e7e6859ae165c96d6  -
#301 b69e27fa0942a82ca4f8832ffc886cc9  -
#302 8b79a7493e5e3b161ae141dbe1c38e07  -
#303 078cfebeaba23479a1ca72b1a8d9dd9e  -
#304 2a34d559b7a2c325a9b588ab14ed9ed2  -
#305 211101ff8052098f92f9c6b6f6c392a1  -
#306 fe2fe61313ec045cac6d4a78a63a8023  -
#307 983f6699c073d6f0161fab43d3701692  -
#308 e33962846cccb55b0bbcac8bb6fd08e3  -
#309 ed9fe18a4a0edaf87e3ce746578ddcba  -
#310 e8ef52c85c6adc003073dbf4321de982  -
#311 20e220d77f1e5b8b8b76e7f81611f2d7  -
#312 04be279e76aa79ba50690bcd8a761d50  -
#313 5a73488722db84c056e987533c0dcb80  -
#314 e1e062dfc4f8a2a31bd4605e7bf03d4f  -
#315 08b222df61c1bb72c13ab64ac580bf00  -
#316 08843fccb65bb7cb602a2cf3dd7012f9  -
#317 593301a0dafa51197cd00d5652dadbd4  -
#318 c0fe1fc5ea8119beadfba3da52224136  -
#319 b9b9b48a9a912ca8c5be63a602547945  -
#320 e96825a8084ba0bc0bed701326069d03  -
#321 6dee6a72039dcdb99fa757b34d0b6b7d  -
#322 0f74fa71c4d62ddeb53ae3fc178257dc  -
#323 a485b933d6e4a9fb72da27520ad4c76d  -
#324 814bd8d17fe0d372d93d0c3ae92032c5  -
#325 f2f3381d294cf21b3d39291b9a223d0b  -
#326 646ee81885659082a2b1f53f2832cc66  -
#327 b94a174b19f534175114e8614855064f  -
#328 72e055e8eacad938de31b57f7e6239d7  -
#329 d9eedaac16cdc680ea82067ef7afc74c  -
#330 7dbc773c8021cae7da6956c4690018d7  -
#331 3c870f71de6b4b0f52e73196bab9a367  -
#332 2be8b273032c59467bd219c053719e09  -
#333 493abeadcfd0d8c74c7888481f8d303e  -
#334 c22393ac3be3387b8d2f9e204d774399  -
#335 d95dc41ef11e5ef484e5a6d6e95f113c  -
#336 fc98d7712076e145c0ab45f3cb10d3ff  -
#337 791e604252465c32b9c8a326fb01539b  -
#338 6b4e2f323768b045347fde4043b31cc5  -
#339 0b2a7fee66b3db2cbf1ff5238d2d2643  -
#340 572fa4be0a281bc6bbae2a892c600ecf  -
#341 77d142be3eca6989ceab9d90e7396fe1  -
#342 011548c6859cd0aa7e7bb8cedafa441a  -
#343 17347414b2656700875cc617e7084871  -
#344 04d3e63fa01999c655fad6b6a49b4eed  -
#345 4e4bf527f9a5c6e7b21cbae95bbe5f4b  -
#346 f01821507dadb92673ed5212df8c8e20  -
#347 1ebb71e5441e68cc741ae5df4001b257  -
#348 21badd206fe80711dbeb9de6c21c7c0d  -
#349 f76542018b84120d2e1a02d53c43caf6  -
#350 e88e04f559b2f00bb2f9ce835907b6e5  -
#351 5108616ac302ecab4c7125b7072c2b89  -
#352 5498870be11e50e1550c4ae91277c904  -
#353 236775eb4e510b70889085c86e2d1c15  -
#354 cb8132c6614f407ea1f27d1828b5c92d  -
#355 ad631bf231e633880175ce3a8da5a976  -
#356 2db68dad1b65fdbd14645624695e08f2  -
#357 51a7839df69bcc064cc9fc499631e011  -
#358 3ce4ee7197ba94e0c172f49e6bc869e1  -
#359 5b29ad873052d82e11212bd58fb86b6d  -
#360 ab7dd9d9fe30fb18c29fa1405206acfe  -
#361 bc51ad13a299da752427233bb646bfad  -
#362 0b8566d18c139264e6a0ca50a6407d4e  -
#363 3b733c1e6e915a0c3daede684dace540  -
#364 1ea4e997f44585bf1e1986520165a815  -
#365 6fa4be253a5b63ac31f85d2bdfa43dde  -
#366 b43080ca2e8385b5b16b17debd47247e  -
#367 324e42b513c789e15725caada9d92062  -
#368 f635c07e4e54f71344bfb656640e1cf4  -
#369 a357711f2936db6a788cb61b7eff2ead  -
#370 36f8fcf600f6056462958e2df381147a  -
#371 be64978c731e65f8819b79893dd4dddd  -
#372 654f4eccb25cf19c3c37682421f5c23e  -
#373 3b40f5eecd6bd85d09a7fbffd5209309  -
#374 0f818417214ee7274aa25324effad5b3  -
#375 47b14b55fe292e0f3d079a202f182f85  -
#376 b77ec30e93308d1d502346a2410f78aa  -
#377 be7ac6b2ab3ac785086469faae3ca386  -
#378 22efac95089ae46f9ceb1402b2e31f00  -
#379 c4512fe0392ce753fa401b43af503a8c  -
#380 c1a15699503ee445445667828bfd115e  -
#381 41f9819c04b0bb355136b7c3036aab2a  -
#382 337fd17338b12e7d3fe960a975b89c1f  -
#383 240e1c7758d32410a59ecca8a5d4e9f9  -
#384 1fefd13ab03cb8e9bc25946868fe57c9  -
#385 77325eeab008cc341c4d7f6982b908cb  -
#386 322b351c77c7a6781b1d0d8e58a21a57  -
#387 3c2eb0e26437a6d7092d4796d046cf18  -
#388 42db42d8e793ceb210e0014ec806ff49  -
#389 becd69abae80ffe009022862c820b842  -
#390 9c7fb47101d3d177dc86b18572d9b5ac  -
#391 3aca347a1b7f9102c5685d8078876873  -
#392 f0362d4e25aeb4c0c021eba32ff84e17  -
#393 8e2c84fa5c5df76ea9e799c08fc279c7  -
#394 ce25f350f90eb17745affce64c91f92b  -
#395 897f9b492e24d0b5137a6f431466b162  -
#396 953d77416b8f807a91e2a86e6e01ad47  -
#397 b6368bf4a327ee67cd7fa7340ee47143  -
#398 278f470cbe4fcb6a2342ac01a9150d83  -
#399 6b0da0932c703d23837ea7bb18e44eb3  -
#400 ab9fa9942e65e642d234da83625969ec  -
#401 b13548ae4fafb75ddc87f241df8ad497  -
#402 89239a1e39bdaa2c42c29585f4651e38  -
#403 4a79e1d38b7d50eadb77da7f8b336338  -
#404 5e9c1219568d4e42b2a4b9cad25b0420  -
#405 5319efdba6fe6353ea3968a1172ea938  -
#406 e4f68143aa48723af26e0f9e6f044c80  -
#407 37d31407485c04bcab8eb78126732d82  -
#408 01ab78be80861feb165cf6360c6a1901  -
#409 3f1656a1e2e536effbb135be492e19e1  -
#410 23846bc9e49f86b90eb7b83fc4ba352e  -
#411 c4bf8650e326af6cce6c16e38a9c45d7  -
#412 2f1fbf67b8b9f6f5ab936fbb6576ecf0  -
#413 67e0d8b2848ed8af23fe49fca4a11bb4  -
#414 a340b207c012ac5d11c49570584a5475  -
#415 744e2e7fff279f78339f68e3cd6eab6b  -
#416 5035622ed7cc3d4380301e7309fdbce3  -
#417 ceb5be505205910fc50ab8c44e36eba0  -
#418 116fa326726fc92d7365cb52e6fe167d  -
#419 af83df3d89e720c7472ee5dcc734adaf  -
#420 3755798ddddc841e8a681a436e1d7572  -
#421 e841b352abe0521e692b429af9530299  -
#422 aebdc7f42825fe413f61208d4c34fc2d  -
#423 ec240eeefa287e8b86f166a0075aa770  -
#424 22bb6a0e6702e340dc125f163acf9271  -
#425 905cda54f7ee85d0378f0947982f0990  -
#426 730305abad81e465adb0db2ee546e9b9  -
#427 74749a9b858f2496a059362cfab4f665  -
#428 887063578c85661ace320b948a576784  -
#429 243f899365ce677157b9c9b60cd5f004  -
#430 65ead1551077cb7e2b35f893fd7ce757  -
#431 ff68f535921ca41b815f30cab1b54dcd  -
#432 5eee083e5418f6d065c65c9324908297  -
#433 354bf4761c4275196942141d93a83094  -
#434 afb6e84e4fe9664b5186db9c3b0dc4ff  -
#435 3c7fdf2edd8b9d147417cc3cad9c3ae7  -
#436 3e260f0dc568c0cda97fd38091f7fdaa  -
#437 0ec1ed23928a186d835f5d88c78358fb  -
#438 a87f2d7f49ad684aee9a94d9afd60233  -
#439 67aa3092cf0520555b55f30f9aaf8e5a  -
#440 a8bbde5f20c0a5a59aa5c762d6280935  -
#441 9663e56d50b045f5a8359fdfa83d9b62  -
#442 9b951842b3f5064e4fb2f3fb67d9cc44  -
#443 d449765e3cbd2c34a57f25c7b37a3775  -
#444 d70f87dc3ae0bb5727030d3bb0a3299b  -
#445 4ca8e9ed87ca8383556359c1a1ee90fa  -
#446 8d05d5fa7140a541fb73ed4b62cc3ee7  -
#447 ed3daaab4cce96a9d828670043230818  -
#448 6a45de3d624ffcac30e9a001bbafa826  -
#449 1af40394e7240a7d04a80fe6615bb005  -
#450 3b3ef2195774dfcd450c339b0519dd15  -
#451 777b4778e07d536fe921c7fa533de5ca  -
#452 659e5470a2e91e827fa67af49c541d26  -
#453 3a8bec0fb62f366787712e279c2a9ec6  -
#454 00fed8013859d314a6cd82a418559079  -
#455 b244639a6baf38918ebc465fbfc989bd  -
#456 04bd0671a49e3fe321821123171d355c  -
#457 27560491692b92bd9ba1a4d66e9d1d37  -
#458 6c4d147c9c33c47bfac1b7c98c97e44d  -
#459 7ef56f79cda968546f18ab39b5a26aca  -
#460 68343927c603f8d4751fbede0c642a8b  -
#461 31ae8b1d58dd48c15acf75486612e641  -
#462 27145ceb9ad32fdd292cab5d9b873f08  -
#463 47635a9c4dbd032a8d3a8c5b566ca8f5  -
#464 0acaadf052dd6370fd7ccccfa8cc4b6b  -
#465 75159dad67174946f51703e8ff6c0c70  -
#466 fae4156ccdc465d0f729989fe5e84263  -
#467 f89fa6636eacaf58be673d9c576b4c14  -
#468 b8d2d7cbc99242e8870de3ea9c6a59a8  -
#469 ed817d99b28dcc9d8f035bc1d7cab516  -
#470 08f8ccdec28972e4e1237f2bbbe13ecc  -
#471 68289cc2930f2ef272aef8f77bd8e9b4  -
#472 f848545fa8321e3d925b0aef82d551fb  -
#473 53291e3e404d36b07a5197bf95dd01b5  -
#474 8e4657a6eeec1c0c741dcb1f13b621c4  -
#475 68a5320f9e8b14ff97038f8894f6d231  -
#476 efbfc528771686e4f55c1f5ad4ae29b6  -
#477 0b68096303856442976c3ee55fca7fa0  -
#478 0d2fca82b7ac384be218c941c533ab16  -
#479 fd4870b2798aada41e9b920df0702d28  -
#480 2e332c7f8ab24b55afbc0c49418215b4  -
#481 f8c8a3e7ab4780af2b4ab08077e6ad6f  -
#482 1ae6adc4ae386711c1f5256f3f2a79ef  -
#483 4c04adeaccb2642fe87c5300eec5bb4a  -
#484 944c404c2bc6788ea981e278b292a0d1  -
#485 fcf83d3f4aaf390cdb80e65e8d699736  -
#486 14758cfe75279cf12e7d039d34f1e5ef  -
#487 c2e6cc1fdeac865f4f7c22c467a841ac  -
#488 3b7dce1c3d8a361a989ffae49a66ea7c  -
#489 ca28680633bdf1cd687afab7a8ff5cfb  -
#490 308770e95321161d294fc2c520e8f11a  -
#491 439932008b77142bee2dc66508690a73  -
#492 5a8242b64810b861eb5b205acc4c4766  -
#493 b90546ed35cf380362f3836ddd858ace  -
#494 afe33f75cbdb0c91c24ae01624e27238  -
#495 0e058d4bdb88d563f54fbafb24d4838f  -
#496 b08325e31924cea6641588a71e5524a4  -
#497 84cf0eef5fe919d18f656afe15e30c6c  -
#498 6e99c02d5b4efb41d922895071be9242  -
#499 93b2faa0d9a7dcd4483b930e72843d6a  -
#500 0671d1505d65ae5fce0a9e040015853e  -
