QA output created by 575

# Testing alg=sha256, block_size=1024 if supported

# Testing alg=sha256, block_size=4096 if supported

# Testing alg=sha512, block_size=1024 if supported

# Testing alg=sha512, block_size=4096 if supported
