QA output created by 591
concurrent reader with O_DIRECT
concurrent reader without O_DIRECT
sequential reader with O_DIRECT
sequential reader without O_DIRECT
