QA output created by 624

# Testing block_size=FSV_BLOCK_SIZE

# Testing block_size=1024 if supported

# Testing block_size=4096 if supported

# Testing block_size=16384 if supported

# Testing block_size=65536 if supported
