QA output created by 679
wrote 209715200/209715200 bytes at offset 0
XXX Bytes, X ops; XX:XX:XX.X (XXX YYY/sec and XXX ops/sec)
wrote 209715200/209715200 bytes at offset 210763776
XXX Bytes, X ops; XX:XX:XX.X (XXX YYY/sec and XXX ops/sec)
wrote 207618048/207618048 bytes at offset 421527552
XXX Bytes, X ops; XX:XX:XX.X (XXX YYY/sec and XXX ops/sec)
Number of unwritten extents in the file: 2
File content after fallocate:
0000000 ab ab ab ab ab ab ab ab ab ab ab ab ab ab ab ab
*
209715200 00 00 00 00 00 00 00 00 00 00 00 00 00 00 00 00
*
210763776 cd cd cd cd cd cd cd cd cd cd cd cd cd cd cd cd
*
420478976 00 00 00 00 00 00 00 00 00 00 00 00 00 00 00 00
*
421527552 ef ef ef ef ef ef ef ef ef ef ef ef ef ef ef ef
*
629145600
