QA output created by 680
Test privileged user:
000000 ff ff ff ff ff ff ff ff ff ff ff ff ff ff ff ff  >................<
*
001000
Test unprivileged user:
000000 ff ff ff ff ff ff ff ff ff ff ff ff ff ff ff ff  >................<
*
001000
