QA output created by 690
symlink content: SCRATCH_MNT/testdir/foo
