QA output created by 691
Error: Disk quota exceeded
Error: Disk quota exceeded
Error: Disk quota exceeded
Error: Disk quota exceeded
Error: Disk quota exceeded
Error: Disk quota exceeded
Error: Disk quota exceeded
Error: Disk quota exceeded
Error: Disk quota exceeded
Error: Disk quota exceeded
Error: Disk quota exceeded
Error: Disk quota exceeded
Error: Disk quota exceeded
Error: Disk quota exceeded
Error: Disk quota exceeded
Error: Disk quota exceeded
Error: Disk quota exceeded
Error: Disk quota exceeded
Error: Disk quota exceeded
Error: Disk quota exceeded
Error: Disk quota exceeded
Error: Disk quota exceeded
Error: EDQUOT|ENOSPC
Error: EDQUOT|ENOSPC
Error: EDQUOT|ENOSPC
Error: EDQUOT|ENOSPC
Error: EDQUOT|ENOSPC
Error: EDQUOT|ENOSPC
Error: EDQUOT|ENOSPC
Error: EDQUOT|ENOSPC
Error: EDQUOT|ENOSPC
Error: EDQUOT|ENOSPC
Error: EDQUOT|ENOSPC
