QA output created by 692

# way too big: fail on first merkle block
ERROR: FS_IOC_ENABLE_VERITY failed on 'SCRATCH_MNT/file.fsv': File too large

# still too big: fail on first invalid merkle block
ERROR: FS_IOC_ENABLE_VERITY failed on 'SCRATCH_MNT/file.fsv': File too large
