QA output created by 695
wrote 8388608/8388608 bytes at offset 2097152
XXX Bytes, X ops; XX:XX:XX.X (XXX YYY/sec and XXX ops/sec)
File layout after power failure:
0: [0..8191]: hole
1: [8192..16383]: data
2: [16384..24575]: hole
File content after power failure:
000000 00 00 00 00 00 00 00 00 00 00 00 00 00 00 00 00  >................<
*
400000 ab ab ab ab ab ab ab ab ab ab ab ab ab ab ab ab  >................<
*
800000 00 00 00 00 00 00 00 00 00 00 00 00 00 00 00 00  >................<
*
c00000
