QA output created by 701
Number of allocated blocks after truncate is in range
