QA output created by 702
Creating file foo
wrote 131072/131072 bytes at offset 0
XXX Bytes, X ops; XX:XX:XX.X (XXX YYY/sec and XXX ops/sec)
wrote 131072/131072 bytes at offset 131072
XXX Bytes, X ops; XX:XX:XX.X (XXX YYY/sec and XXX ops/sec)
Cloning first extent of file foo to file bar
linked 131072/131072 bytes at offset 0
XXX Bytes, X ops; XX:XX:XX.X (XXX YYY/sec and XXX ops/sec)
fiemap of file foo:
0: [0..255]: 256 shared
1: [256..511]: 256 not_shared
Creating file foo2
wrote 131072/131072 bytes at offset 0
XXX Bytes, X ops; XX:XX:XX.X (XXX YYY/sec and XXX ops/sec)
wrote 131072/131072 bytes at offset 131072
XXX Bytes, X ops; XX:XX:XX.X (XXX YYY/sec and XXX ops/sec)
Cloning second extent of file foo2 to file bar2
linked 131072/131072 bytes at offset 0
XXX Bytes, X ops; XX:XX:XX.X (XXX YYY/sec and XXX ops/sec)
fiemap of file foo2:
0: [0..255]: 256 not_shared
1: [256..511]: 256 shared
