QA output created by 704
Get a device with 4096 physical sector size and 512 logical sector size
4096
512
mkfs and mount
DIO read/write 512 bytes
