QA output created by 730
cat: -: Input/output error
