QA output created by 044
sec_atime is in range
sec_mtime is in range
sec_ctime is in range
