QA output created by 059
Reserved GDT blocks:      100
