QA output created by 002
000000 61 61 61 61 61 61 61 61 61 61 61 61 61 61 61 61  >aaaaaaaaaaaaaaaa<
*
400000 62 62 62 62 62 62 62 62 62 62 62 62 62 62 62 62  >bbbbbbbbbbbbbbbb<
*
800000 63 63 63 63 63 63 63 63 63 63 63 63 63 63 63 63  >cccccccccccccccc<
*
c000000
