QA output created by 005
ceph quota size is 1073741824 bytes
subdir ceph quota size is 1073741824 bytes
Silence is golden
