QA output created by 082
bad magic number
xfs_copy: couldn't read superblock, error=22
