QA output created by 154
FEATURES: NEEDSREPAIR:YES
mount: Structure needs cleaning
FEATURES: NEEDSREPAIR:NO
