QA output created by 191
attr_get: No data available
Could not get "x" for SCRATCH_MNT/e0
attr_remove: No data available
Could not remove "x" for SCRATCH_MNT/e0
Attribute "x" has a XXX byte value for SCRATCH_MNT/e0
Attribute "x" has a 65536 byte value for SCRATCH_MNT/e1
