QA output created by 538
Format and mount fs
Consume free space
Create fragmented filesystem
Inject bmap_alloc_minlen_extent error tag
Execute fsstress
