QA output created by 546
syncfs: Input/output error
