QA output created by 547
* Verify extent counter fields with nrext64=0 option
Add blocks to test file's data fork
Consume free space
Create fragmented filesystem
Inject bmap_alloc_minlen_extent error tag
Add blocks to test file's attr fork
* Verify extent counter fields with nrext64=1 option
Add blocks to test file's data fork
Consume free space
Create fragmented filesystem
Inject bmap_alloc_minlen_extent error tag
Add blocks to test file's attr fork
