QA output created by 548
Add blocks to file's data fork
Consume free space
Create fragmented filesystem
Inject bmap_alloc_minlen_extent error tag
Add blocks to file's attr fork
Unmount filesystem
Upgrade filesystem to support large extent counters
Mount filesystem
Modify inode core
Unmount filesystem
Verify inode extent counter values after fs upgrade
