QA output created by 550
Format and mount
Create the original files
Inject memory failure (1 page)
Inject poison...
Process is killed by signal: 7
Inject memory failure (2 pages)
Inject poison...
Process is killed by signal: 7
