QA output created by 553
Format and mount fs
Create source file
Reflink destination file with source file
Set destination file's cowextsize to 4096 blocks
Fragment FS
Inject bmap_alloc_minlen_extent error tag
Create delalloc extent of length 4096 blocks in destination file's CoW fork
Direct I/O write at 3rd block in destination file
