QA output created by 554
Creating directory system to dump using fsstress.

-----------------------------------------------
fsstress : -f link=10 -f creat=10 -f mkdir=10 -f truncate=5 -f symlink=10
-----------------------------------------------
Dumping to file...
xfsdump  -f DUMP_FILE -M stress_tape_media -L stress_554 SCRATCH_MNT
xfsdump: using file dump (drive_simple) strategy
xfsdump: level 0 dump of HOSTNAME:SCRATCH_MNT
xfsdump: dump date: DATE
xfsdump: session id: ID
xfsdump: session label: "stress_554"
xfsdump: ino map <PHASES>
xfsdump: ino map construction complete
xfsdump: estimated dump size: NUM bytes
xfsdump: /var/xfsdump/inventory created
xfsdump: creating dump session media file 0 (media 0, file 0)
xfsdump: dumping ino map
xfsdump: dumping directories
xfsdump: dumping non-directory files
xfsdump: ending media file
xfsdump: media file size NUM bytes
xfsdump: dump size (non-dir files) : NUM bytes
xfsdump: dump complete: SECS seconds elapsed
xfsdump: Dump Status: SUCCESS
Restoring from file...
xfsrestore  -x -f DUMP_FILE  -L stress_554 RESTORE_DIR
xfsrestore: using file dump (drive_simple) strategy
xfsrestore: using online session inventory
xfsrestore: searching media for directory dump
xfsrestore: examining media file 0
xfsrestore: reading directories
xfsrestore: found fake rootino #FAKENO, will fix.
xfsrestore: fix root # to ROOTNO (bind mount?)
xfsrestore: NUM directories and NUM entries processed
xfsrestore: directory post-processing
xfsrestore: restoring non-directory files
xfsrestore: restore complete: SECS seconds elapsed
xfsrestore: Restore Status: SUCCESS
