QA output created by 555
corrupt inopblock of sb 0
try to mount ...
no crash or hang
repair corrupted sb 0
check fs
