QA output created by 598
metadump
metadump a
metadump o
metadump ao
mdrestore
mdrestore a
mdrestore o
mdrestore ao
