QA output created by 264
SCRATCH_MNT/foo: Compression is set
SCRATCH_MNT/foo: Compression is not set
SCRATCH_MNT/foo: Compression is set
SCRATCH_MNT/foo: Compression is not set
SCRATCH_MNT/foo: Compression is set
setfattr: SCRATCH_MNT/bar: Invalid argument
setfattr: SCRATCH_MNT/bar: Invalid argument
setfattr: SCRATCH_MNT/bar: Invalid argument
setfattr: SCRATCH_MNT/bar: Invalid argument
setfattr: SCRATCH_MNT/bar: Invalid argument
