QA output created by 271
Allow global fail_make_request feature
Step 1: writing with one failing mirror:
wrote 8192/8192 bytes at offset 0
XXX Bytes, X ops; XX:XX:XX.X (XXX YYY/sec and XXX ops/sec)
Step 2: verify that the data reads back fine:
XXXXXXXX:  aa aa aa aa aa aa aa aa aa aa aa aa aa aa aa aa  ................
XXXXXXXX:  aa aa aa aa aa aa aa aa aa aa aa aa aa aa aa aa  ................
XXXXXXXX:  aa aa aa aa aa aa aa aa aa aa aa aa aa aa aa aa  ................
XXXXXXXX:  aa aa aa aa aa aa aa aa aa aa aa aa aa aa aa aa  ................
XXXXXXXX:  aa aa aa aa aa aa aa aa aa aa aa aa aa aa aa aa  ................
XXXXXXXX:  aa aa aa aa aa aa aa aa aa aa aa aa aa aa aa aa  ................
XXXXXXXX:  aa aa aa aa aa aa aa aa aa aa aa aa aa aa aa aa  ................
XXXXXXXX:  aa aa aa aa aa aa aa aa aa aa aa aa aa aa aa aa  ................
XXXXXXXX:  aa aa aa aa aa aa aa aa aa aa aa aa aa aa aa aa  ................
XXXXXXXX:  aa aa aa aa aa aa aa aa aa aa aa aa aa aa aa aa  ................
XXXXXXXX:  aa aa aa aa aa aa aa aa aa aa aa aa aa aa aa aa  ................
XXXXXXXX:  aa aa aa aa aa aa aa aa aa aa aa aa aa aa aa aa  ................
XXXXXXXX:  aa aa aa aa aa aa aa aa aa aa aa aa aa aa aa aa  ................
XXXXXXXX:  aa aa aa aa aa aa aa aa aa aa aa aa aa aa aa aa  ................
XXXXXXXX:  aa aa aa aa aa aa aa aa aa aa aa aa aa aa aa aa  ................
XXXXXXXX:  aa aa aa aa aa aa aa aa aa aa aa aa aa aa aa aa  ................
XXXXXXXX:  aa aa aa aa aa aa aa aa aa aa aa aa aa aa aa aa  ................
XXXXXXXX:  aa aa aa aa aa aa aa aa aa aa aa aa aa aa aa aa  ................
XXXXXXXX:  aa aa aa aa aa aa aa aa aa aa aa aa aa aa aa aa  ................
XXXXXXXX:  aa aa aa aa aa aa aa aa aa aa aa aa aa aa aa aa  ................
XXXXXXXX:  aa aa aa aa aa aa aa aa aa aa aa aa aa aa aa aa  ................
XXXXXXXX:  aa aa aa aa aa aa aa aa aa aa aa aa aa aa aa aa  ................
XXXXXXXX:  aa aa aa aa aa aa aa aa aa aa aa aa aa aa aa aa  ................
XXXXXXXX:  aa aa aa aa aa aa aa aa aa aa aa aa aa aa aa aa  ................
XXXXXXXX:  aa aa aa aa aa aa aa aa aa aa aa aa aa aa aa aa  ................
XXXXXXXX:  aa aa aa aa aa aa aa aa aa aa aa aa aa aa aa aa  ................
XXXXXXXX:  aa aa aa aa aa aa aa aa aa aa aa aa aa aa aa aa  ................
XXXXXXXX:  aa aa aa aa aa aa aa aa aa aa aa aa aa aa aa aa  ................
XXXXXXXX:  aa aa aa aa aa aa aa aa aa aa aa aa aa aa aa aa  ................
XXXXXXXX:  aa aa aa aa aa aa aa aa aa aa aa aa aa aa aa aa  ................
XXXXXXXX:  aa aa aa aa aa aa aa aa aa aa aa aa aa aa aa aa  ................
XXXXXXXX:  aa aa aa aa aa aa aa aa aa aa aa aa aa aa aa aa  ................
XXXXXXXX:  aa aa aa aa aa aa aa aa aa aa aa aa aa aa aa aa  ................
XXXXXXXX:  aa aa aa aa aa aa aa aa aa aa aa aa aa aa aa aa  ................
XXXXXXXX:  aa aa aa aa aa aa aa aa aa aa aa aa aa aa aa aa  ................
XXXXXXXX:  aa aa aa aa aa aa aa aa aa aa aa aa aa aa aa aa  ................
XXXXXXXX:  aa aa aa aa aa aa aa aa aa aa aa aa aa aa aa aa  ................
XXXXXXXX:  aa aa aa aa aa aa aa aa aa aa aa aa aa aa aa aa  ................
XXXXXXXX:  aa aa aa aa aa aa aa aa aa aa aa aa aa aa aa aa  ................
XXXXXXXX:  aa aa aa aa aa aa aa aa aa aa aa aa aa aa aa aa  ................
XXXXXXXX:  aa aa aa aa aa aa aa aa aa aa aa aa aa aa aa aa  ................
XXXXXXXX:  aa aa aa aa aa aa aa aa aa aa aa aa aa aa aa aa  ................
XXXXXXXX:  aa aa aa aa aa aa aa aa aa aa aa aa aa aa aa aa  ................
XXXXXXXX:  aa aa aa aa aa aa aa aa aa aa aa aa aa aa aa aa  ................
XXXXXXXX:  aa aa aa aa aa aa aa aa aa aa aa aa aa aa aa aa  ................
XXXXXXXX:  aa aa aa aa aa aa aa aa aa aa aa aa aa aa aa aa  ................
XXXXXXXX:  aa aa aa aa aa aa aa aa aa aa aa aa aa aa aa aa  ................
XXXXXXXX:  aa aa aa aa aa aa aa aa aa aa aa aa aa aa aa aa  ................
XXXXXXXX:  aa aa aa aa aa aa aa aa aa aa aa aa aa aa aa aa  ................
XXXXXXXX:  aa aa aa aa aa aa aa aa aa aa aa aa aa aa aa aa  ................
XXXXXXXX:  aa aa aa aa aa aa aa aa aa aa aa aa aa aa aa aa  ................
XXXXXXXX:  aa aa aa aa aa aa aa aa aa aa aa aa aa aa aa aa  ................
XXXXXXXX:  aa aa aa aa aa aa aa aa aa aa aa aa aa aa aa aa  ................
XXXXXXXX:  aa aa aa aa aa aa aa aa aa aa aa aa aa aa aa aa  ................
XXXXXXXX:  aa aa aa aa aa aa aa aa aa aa aa aa aa aa aa aa  ................
XXXXXXXX:  aa aa aa aa aa aa aa aa aa aa aa aa aa aa aa aa  ................
XXXXXXXX:  aa aa aa aa aa aa aa aa aa aa aa aa aa aa aa aa  ................
XXXXXXXX:  aa aa aa aa aa aa aa aa aa aa aa aa aa aa aa aa  ................
XXXXXXXX:  aa aa aa aa aa aa aa aa aa aa aa aa aa aa aa aa  ................
XXXXXXXX:  aa aa aa aa aa aa aa aa aa aa aa aa aa aa aa aa  ................
XXXXXXXX:  aa aa aa aa aa aa aa aa aa aa aa aa aa aa aa aa  ................
XXXXXXXX:  aa aa aa aa aa aa aa aa aa aa aa aa aa aa aa aa  ................
XXXXXXXX:  aa aa aa aa aa aa aa aa aa aa aa aa aa aa aa aa  ................
XXXXXXXX:  aa aa aa aa aa aa aa aa aa aa aa aa aa aa aa aa  ................
XXXXXXXX:  aa aa aa aa aa aa aa aa aa aa aa aa aa aa aa aa  ................
XXXXXXXX:  aa aa aa aa aa aa aa aa aa aa aa aa aa aa aa aa  ................
XXXXXXXX:  aa aa aa aa aa aa aa aa aa aa aa aa aa aa aa aa  ................
XXXXXXXX:  aa aa aa aa aa aa aa aa aa aa aa aa aa aa aa aa  ................
XXXXXXXX:  aa aa aa aa aa aa aa aa aa aa aa aa aa aa aa aa  ................
XXXXXXXX:  aa aa aa aa aa aa aa aa aa aa aa aa aa aa aa aa  ................
XXXXXXXX:  aa aa aa aa aa aa aa aa aa aa aa aa aa aa aa aa  ................
XXXXXXXX:  aa aa aa aa aa aa aa aa aa aa aa aa aa aa aa aa  ................
XXXXXXXX:  aa aa aa aa aa aa aa aa aa aa aa aa aa aa aa aa  ................
XXXXXXXX:  aa aa aa aa aa aa aa aa aa aa aa aa aa aa aa aa  ................
XXXXXXXX:  aa aa aa aa aa aa aa aa aa aa aa aa aa aa aa aa  ................
XXXXXXXX:  aa aa aa aa aa aa aa aa aa aa aa aa aa aa aa aa  ................
XXXXXXXX:  aa aa aa aa aa aa aa aa aa aa aa aa aa aa aa aa  ................
XXXXXXXX:  aa aa aa aa aa aa aa aa aa aa aa aa aa aa aa aa  ................
XXXXXXXX:  aa aa aa aa aa aa aa aa aa aa aa aa aa aa aa aa  ................
XXXXXXXX:  aa aa aa aa aa aa aa aa aa aa aa aa aa aa aa aa  ................
XXXXXXXX:  aa aa aa aa aa aa aa aa aa aa aa aa aa aa aa aa  ................
XXXXXXXX:  aa aa aa aa aa aa aa aa aa aa aa aa aa aa aa aa  ................
XXXXXXXX:  aa aa aa aa aa aa aa aa aa aa aa aa aa aa aa aa  ................
XXXXXXXX:  aa aa aa aa aa aa aa aa aa aa aa aa aa aa aa aa  ................
XXXXXXXX:  aa aa aa aa aa aa aa aa aa aa aa aa aa aa aa aa  ................
XXXXXXXX:  aa aa aa aa aa aa aa aa aa aa aa aa aa aa aa aa  ................
XXXXXXXX:  aa aa aa aa aa aa aa aa aa aa aa aa aa aa aa aa  ................
XXXXXXXX:  aa aa aa aa aa aa aa aa aa aa aa aa aa aa aa aa  ................
XXXXXXXX:  aa aa aa aa aa aa aa aa aa aa aa aa aa aa aa aa  ................
XXXXXXXX:  aa aa aa aa aa aa aa aa aa aa aa aa aa aa aa aa  ................
XXXXXXXX:  aa aa aa aa aa aa aa aa aa aa aa aa aa aa aa aa  ................
XXXXXXXX:  aa aa aa aa aa aa aa aa aa aa aa aa aa aa aa aa  ................
XXXXXXXX:  aa aa aa aa aa aa aa aa aa aa aa aa aa aa aa aa  ................
XXXXXXXX:  aa aa aa aa aa aa aa aa aa aa aa aa aa aa aa aa  ................
XXXXXXXX:  aa aa aa aa aa aa aa aa aa aa aa aa aa aa aa aa  ................
XXXXXXXX:  aa aa aa aa aa aa aa aa aa aa aa aa aa aa aa aa  ................
XXXXXXXX:  aa aa aa aa aa aa aa aa aa aa aa aa aa aa aa aa  ................
XXXXXXXX:  aa aa aa aa aa aa aa aa aa aa aa aa aa aa aa aa  ................
XXXXXXXX:  aa aa aa aa aa aa aa aa aa aa aa aa aa aa aa aa  ................
XXXXXXXX:  aa aa aa aa aa aa aa aa aa aa aa aa aa aa aa aa  ................
XXXXXXXX:  aa aa aa aa aa aa aa aa aa aa aa aa aa aa aa aa  ................
XXXXXXXX:  aa aa aa aa aa aa aa aa aa aa aa aa aa aa aa aa  ................
XXXXXXXX:  aa aa aa aa aa aa aa aa aa aa aa aa aa aa aa aa  ................
XXXXXXXX:  aa aa aa aa aa aa aa aa aa aa aa aa aa aa aa aa  ................
XXXXXXXX:  aa aa aa aa aa aa aa aa aa aa aa aa aa aa aa aa  ................
XXXXXXXX:  aa aa aa aa aa aa aa aa aa aa aa aa aa aa aa aa  ................
XXXXXXXX:  aa aa aa aa aa aa aa aa aa aa aa aa aa aa aa aa  ................
XXXXXXXX:  aa aa aa aa aa aa aa aa aa aa aa aa aa aa aa aa  ................
XXXXXXXX:  aa aa aa aa aa aa aa aa aa aa aa aa aa aa aa aa  ................
XXXXXXXX:  aa aa aa aa aa aa aa aa aa aa aa aa aa aa aa aa  ................
XXXXXXXX:  aa aa aa aa aa aa aa aa aa aa aa aa aa aa aa aa  ................
XXXXXXXX:  aa aa aa aa aa aa aa aa aa aa aa aa aa aa aa aa  ................
XXXXXXXX:  aa aa aa aa aa aa aa aa aa aa aa aa aa aa aa aa  ................
XXXXXXXX:  aa aa aa aa aa aa aa aa aa aa aa aa aa aa aa aa  ................
XXXXXXXX:  aa aa aa aa aa aa aa aa aa aa aa aa aa aa aa aa  ................
XXXXXXXX:  aa aa aa aa aa aa aa aa aa aa aa aa aa aa aa aa  ................
XXXXXXXX:  aa aa aa aa aa aa aa aa aa aa aa aa aa aa aa aa  ................
XXXXXXXX:  aa aa aa aa aa aa aa aa aa aa aa aa aa aa aa aa  ................
XXXXXXXX:  aa aa aa aa aa aa aa aa aa aa aa aa aa aa aa aa  ................
XXXXXXXX:  aa aa aa aa aa aa aa aa aa aa aa aa aa aa aa aa  ................
XXXXXXXX:  aa aa aa aa aa aa aa aa aa aa aa aa aa aa aa aa  ................
XXXXXXXX:  aa aa aa aa aa aa aa aa aa aa aa aa aa aa aa aa  ................
XXXXXXXX:  aa aa aa aa aa aa aa aa aa aa aa aa aa aa aa aa  ................
XXXXXXXX:  aa aa aa aa aa aa aa aa aa aa aa aa aa aa aa aa  ................
XXXXXXXX:  aa aa aa aa aa aa aa aa aa aa aa aa aa aa aa aa  ................
XXXXXXXX:  aa aa aa aa aa aa aa aa aa aa aa aa aa aa aa aa  ................
XXXXXXXX:  aa aa aa aa aa aa aa aa aa aa aa aa aa aa aa aa  ................
XXXXXXXX:  aa aa aa aa aa aa aa aa aa aa aa aa aa aa aa aa  ................
XXXXXXXX:  aa aa aa aa aa aa aa aa aa aa aa aa aa aa aa aa  ................
XXXXXXXX:  aa aa aa aa aa aa aa aa aa aa aa aa aa aa aa aa  ................
XXXXXXXX:  aa aa aa aa aa aa aa aa aa aa aa aa aa aa aa aa  ................
XXXXXXXX:  aa aa aa aa aa aa aa aa aa aa aa aa aa aa aa aa  ................
XXXXXXXX:  aa aa aa aa aa aa aa aa aa aa aa aa aa aa aa aa  ................
XXXXXXXX:  aa aa aa aa aa aa aa aa aa aa aa aa aa aa aa aa  ................
XXXXXXXX:  aa aa aa aa aa aa aa aa aa aa aa aa aa aa aa aa  ................
XXXXXXXX:  aa aa aa aa aa aa aa aa aa aa aa aa aa aa aa aa  ................
XXXXXXXX:  aa aa aa aa aa aa aa aa aa aa aa aa aa aa aa aa  ................
XXXXXXXX:  aa aa aa aa aa aa aa aa aa aa aa aa aa aa aa aa  ................
XXXXXXXX:  aa aa aa aa aa aa aa aa aa aa aa aa aa aa aa aa  ................
XXXXXXXX:  aa aa aa aa aa aa aa aa aa aa aa aa aa aa aa aa  ................
XXXXXXXX:  aa aa aa aa aa aa aa aa aa aa aa aa aa aa aa aa  ................
XXXXXXXX:  aa aa aa aa aa aa aa aa aa aa aa aa aa aa aa aa  ................
XXXXXXXX:  aa aa aa aa aa aa aa aa aa aa aa aa aa aa aa aa  ................
XXXXXXXX:  aa aa aa aa aa aa aa aa aa aa aa aa aa aa aa aa  ................
XXXXXXXX:  aa aa aa aa aa aa aa aa aa aa aa aa aa aa aa aa  ................
XXXXXXXX:  aa aa aa aa aa aa aa aa aa aa aa aa aa aa aa aa  ................
XXXXXXXX:  aa aa aa aa aa aa aa aa aa aa aa aa aa aa aa aa  ................
XXXXXXXX:  aa aa aa aa aa aa aa aa aa aa aa aa aa aa aa aa  ................
XXXXXXXX:  aa aa aa aa aa aa aa aa aa aa aa aa aa aa aa aa  ................
XXXXXXXX:  aa aa aa aa aa aa aa aa aa aa aa aa aa aa aa aa  ................
XXXXXXXX:  aa aa aa aa aa aa aa aa aa aa aa aa aa aa aa aa  ................
XXXXXXXX:  aa aa aa aa aa aa aa aa aa aa aa aa aa aa aa aa  ................
XXXXXXXX:  aa aa aa aa aa aa aa aa aa aa aa aa aa aa aa aa  ................
XXXXXXXX:  aa aa aa aa aa aa aa aa aa aa aa aa aa aa aa aa  ................
XXXXXXXX:  aa aa aa aa aa aa aa aa aa aa aa aa aa aa aa aa  ................
XXXXXXXX:  aa aa aa aa aa aa aa aa aa aa aa aa aa aa aa aa  ................
XXXXXXXX:  aa aa aa aa aa aa aa aa aa aa aa aa aa aa aa aa  ................
XXXXXXXX:  aa aa aa aa aa aa aa aa aa aa aa aa aa aa aa aa  ................
XXXXXXXX:  aa aa aa aa aa aa aa aa aa aa aa aa aa aa aa aa  ................
XXXXXXXX:  aa aa aa aa aa aa aa aa aa aa aa aa aa aa aa aa  ................
XXXXXXXX:  aa aa aa aa aa aa aa aa aa aa aa aa aa aa aa aa  ................
XXXXXXXX:  aa aa aa aa aa aa aa aa aa aa aa aa aa aa aa aa  ................
XXXXXXXX:  aa aa aa aa aa aa aa aa aa aa aa aa aa aa aa aa  ................
XXXXXXXX:  aa aa aa aa aa aa aa aa aa aa aa aa aa aa aa aa  ................
XXXXXXXX:  aa aa aa aa aa aa aa aa aa aa aa aa aa aa aa aa  ................
XXXXXXXX:  aa aa aa aa aa aa aa aa aa aa aa aa aa aa aa aa  ................
XXXXXXXX:  aa aa aa aa aa aa aa aa aa aa aa aa aa aa aa aa  ................
XXXXXXXX:  aa aa aa aa aa aa aa aa aa aa aa aa aa aa aa aa  ................
XXXXXXXX:  aa aa aa aa aa aa aa aa aa aa aa aa aa aa aa aa  ................
XXXXXXXX:  aa aa aa aa aa aa aa aa aa aa aa aa aa aa aa aa  ................
XXXXXXXX:  aa aa aa aa aa aa aa aa aa aa aa aa aa aa aa aa  ................
XXXXXXXX:  aa aa aa aa aa aa aa aa aa aa aa aa aa aa aa aa  ................
XXXXXXXX:  aa aa aa aa aa aa aa aa aa aa aa aa aa aa aa aa  ................
XXXXXXXX:  aa aa aa aa aa aa aa aa aa aa aa aa aa aa aa aa  ................
XXXXXXXX:  aa aa aa aa aa aa aa aa aa aa aa aa aa aa aa aa  ................
XXXXXXXX:  aa aa aa aa aa aa aa aa aa aa aa aa aa aa aa aa  ................
XXXXXXXX:  aa aa aa aa aa aa aa aa aa aa aa aa aa aa aa aa  ................
XXXXXXXX:  aa aa aa aa aa aa aa aa aa aa aa aa aa aa aa aa  ................
XXXXXXXX:  aa aa aa aa aa aa aa aa aa aa aa aa aa aa aa aa  ................
XXXXXXXX:  aa aa aa aa aa aa aa aa aa aa aa aa aa aa aa aa  ................
XXXXXXXX:  aa aa aa aa aa aa aa aa aa aa aa aa aa aa aa aa  ................
XXXXXXXX:  aa aa aa aa aa aa aa aa aa aa aa aa aa aa aa aa  ................
XXXXXXXX:  aa aa aa aa aa aa aa aa aa aa aa aa aa aa aa aa  ................
XXXXXXXX:  aa aa aa aa aa aa aa aa aa aa aa aa aa aa aa aa  ................
XXXXXXXX:  aa aa aa aa aa aa aa aa aa aa aa aa aa aa aa aa  ................
XXXXXXXX:  aa aa aa aa aa aa aa aa aa aa aa aa aa aa aa aa  ................
XXXXXXXX:  aa aa aa aa aa aa aa aa aa aa aa aa aa aa aa aa  ................
XXXXXXXX:  aa aa aa aa aa aa aa aa aa aa aa aa aa aa aa aa  ................
XXXXXXXX:  aa aa aa aa aa aa aa aa aa aa aa aa aa aa aa aa  ................
XXXXXXXX:  aa aa aa aa aa aa aa aa aa aa aa aa aa aa aa aa  ................
XXXXXXXX:  aa aa aa aa aa aa aa aa aa aa aa aa aa aa aa aa  ................
XXXXXXXX:  aa aa aa aa aa aa aa aa aa aa aa aa aa aa aa aa  ................
XXXXXXXX:  aa aa aa aa aa aa aa aa aa aa aa aa aa aa aa aa  ................
XXXXXXXX:  aa aa aa aa aa aa aa aa aa aa aa aa aa aa aa aa  ................
XXXXXXXX:  aa aa aa aa aa aa aa aa aa aa aa aa aa aa aa aa  ................
XXXXXXXX:  aa aa aa aa aa aa aa aa aa aa aa aa aa aa aa aa  ................
XXXXXXXX:  aa aa aa aa aa aa aa aa aa aa aa aa aa aa aa aa  ................
XXXXXXXX:  aa aa aa aa aa aa aa aa aa aa aa aa aa aa aa aa  ................
XXXXXXXX:  aa aa aa aa aa aa aa aa aa aa aa aa aa aa aa aa  ................
XXXXXXXX:  aa aa aa aa aa aa aa aa aa aa aa aa aa aa aa aa  ................
XXXXXXXX:  aa aa aa aa aa aa aa aa aa aa aa aa aa aa aa aa  ................
XXXXXXXX:  aa aa aa aa aa aa aa aa aa aa aa aa aa aa aa aa  ................
XXXXXXXX:  aa aa aa aa aa aa aa aa aa aa aa aa aa aa aa aa  ................
XXXXXXXX:  aa aa aa aa aa aa aa aa aa aa aa aa aa aa aa aa  ................
XXXXXXXX:  aa aa aa aa aa aa aa aa aa aa aa aa aa aa aa aa  ................
XXXXXXXX:  aa aa aa aa aa aa aa aa aa aa aa aa aa aa aa aa  ................
XXXXXXXX:  aa aa aa aa aa aa aa aa aa aa aa aa aa aa aa aa  ................
XXXXXXXX:  aa aa aa aa aa aa aa aa aa aa aa aa aa aa aa aa  ................
XXXXXXXX:  aa aa aa aa aa aa aa aa aa aa aa aa aa aa aa aa  ................
XXXXXXXX:  aa aa aa aa aa aa aa aa aa aa aa aa aa aa aa aa  ................
XXXXXXXX:  aa aa aa aa aa aa aa aa aa aa aa aa aa aa aa aa  ................
XXXXXXXX:  aa aa aa aa aa aa aa aa aa aa aa aa aa aa aa aa  ................
XXXXXXXX:  aa aa aa aa aa aa aa aa aa aa aa aa aa aa aa aa  ................
XXXXXXXX:  aa aa aa aa aa aa aa aa aa aa aa aa aa aa aa aa  ................
XXXXXXXX:  aa aa aa aa aa aa aa aa aa aa aa aa aa aa aa aa  ................
XXXXXXXX:  aa aa aa aa aa aa aa aa aa aa aa aa aa aa aa aa  ................
XXXXXXXX:  aa aa aa aa aa aa aa aa aa aa aa aa aa aa aa aa  ................
XXXXXXXX:  aa aa aa aa aa aa aa aa aa aa aa aa aa aa aa aa  ................
XXXXXXXX:  aa aa aa aa aa aa aa aa aa aa aa aa aa aa aa aa  ................
XXXXXXXX:  aa aa aa aa aa aa aa aa aa aa aa aa aa aa aa aa  ................
XXXXXXXX:  aa aa aa aa aa aa aa aa aa aa aa aa aa aa aa aa  ................
XXXXXXXX:  aa aa aa aa aa aa aa aa aa aa aa aa aa aa aa aa  ................
XXXXXXXX:  aa aa aa aa aa aa aa aa aa aa aa aa aa aa aa aa  ................
XXXXXXXX:  aa aa aa aa aa aa aa aa aa aa aa aa aa aa aa aa  ................
XXXXXXXX:  aa aa aa aa aa aa aa aa aa aa aa aa aa aa aa aa  ................
XXXXXXXX:  aa aa aa aa aa aa aa aa aa aa aa aa aa aa aa aa  ................
XXXXXXXX:  aa aa aa aa aa aa aa aa aa aa aa aa aa aa aa aa  ................
XXXXXXXX:  aa aa aa aa aa aa aa aa aa aa aa aa aa aa aa aa  ................
XXXXXXXX:  aa aa aa aa aa aa aa aa aa aa aa aa aa aa aa aa  ................
XXXXXXXX:  aa aa aa aa aa aa aa aa aa aa aa aa aa aa aa aa  ................
XXXXXXXX:  aa aa aa aa aa aa aa aa aa aa aa aa aa aa aa aa  ................
XXXXXXXX:  aa aa aa aa aa aa aa aa aa aa aa aa aa aa aa aa  ................
XXXXXXXX:  aa aa aa aa aa aa aa aa aa aa aa aa aa aa aa aa  ................
XXXXXXXX:  aa aa aa aa aa aa aa aa aa aa aa aa aa aa aa aa  ................
XXXXXXXX:  aa aa aa aa aa aa aa aa aa aa aa aa aa aa aa aa  ................
XXXXXXXX:  aa aa aa aa aa aa aa aa aa aa aa aa aa aa aa aa  ................
XXXXXXXX:  aa aa aa aa aa aa aa aa aa aa aa aa aa aa aa aa  ................
XXXXXXXX:  aa aa aa aa aa aa aa aa aa aa aa aa aa aa aa aa  ................
XXXXXXXX:  aa aa aa aa aa aa aa aa aa aa aa aa aa aa aa aa  ................
XXXXXXXX:  aa aa aa aa aa aa aa aa aa aa aa aa aa aa aa aa  ................
XXXXXXXX:  aa aa aa aa aa aa aa aa aa aa aa aa aa aa aa aa  ................
XXXXXXXX:  aa aa aa aa aa aa aa aa aa aa aa aa aa aa aa aa  ................
XXXXXXXX:  aa aa aa aa aa aa aa aa aa aa aa aa aa aa aa aa  ................
XXXXXXXX:  aa aa aa aa aa aa aa aa aa aa aa aa aa aa aa aa  ................
XXXXXXXX:  aa aa aa aa aa aa aa aa aa aa aa aa aa aa aa aa  ................
XXXXXXXX:  aa aa aa aa aa aa aa aa aa aa aa aa aa aa aa aa  ................
XXXXXXXX:  aa aa aa aa aa aa aa aa aa aa aa aa aa aa aa aa  ................
XXXXXXXX:  aa aa aa aa aa aa aa aa aa aa aa aa aa aa aa aa  ................
XXXXXXXX:  aa aa aa aa aa aa aa aa aa aa aa aa aa aa aa aa  ................
XXXXXXXX:  aa aa aa aa aa aa aa aa aa aa aa aa aa aa aa aa  ................
XXXXXXXX:  aa aa aa aa aa aa aa aa aa aa aa aa aa aa aa aa  ................
XXXXXXXX:  aa aa aa aa aa aa aa aa aa aa aa aa aa aa aa aa  ................
XXXXXXXX:  aa aa aa aa aa aa aa aa aa aa aa aa aa aa aa aa  ................
XXXXXXXX:  aa aa aa aa aa aa aa aa aa aa aa aa aa aa aa aa  ................
XXXXXXXX:  aa aa aa aa aa aa aa aa aa aa aa aa aa aa aa aa  ................
XXXXXXXX:  aa aa aa aa aa aa aa aa aa aa aa aa aa aa aa aa  ................
XXXXXXXX:  aa aa aa aa aa aa aa aa aa aa aa aa aa aa aa aa  ................
XXXXXXXX:  aa aa aa aa aa aa aa aa aa aa aa aa aa aa aa aa  ................
XXXXXXXX:  aa aa aa aa aa aa aa aa aa aa aa aa aa aa aa aa  ................
XXXXXXXX:  aa aa aa aa aa aa aa aa aa aa aa aa aa aa aa aa  ................
XXXXXXXX:  aa aa aa aa aa aa aa aa aa aa aa aa aa aa aa aa  ................
XXXXXXXX:  aa aa aa aa aa aa aa aa aa aa aa aa aa aa aa aa  ................
XXXXXXXX:  aa aa aa aa aa aa aa aa aa aa aa aa aa aa aa aa  ................
XXXXXXXX:  aa aa aa aa aa aa aa aa aa aa aa aa aa aa aa aa  ................
XXXXXXXX:  aa aa aa aa aa aa aa aa aa aa aa aa aa aa aa aa  ................
XXXXXXXX:  aa aa aa aa aa aa aa aa aa aa aa aa aa aa aa aa  ................
XXXXXXXX:  aa aa aa aa aa aa aa aa aa aa aa aa aa aa aa aa  ................
XXXXXXXX:  aa aa aa aa aa aa aa aa aa aa aa aa aa aa aa aa  ................
XXXXXXXX:  aa aa aa aa aa aa aa aa aa aa aa aa aa aa aa aa  ................
XXXXXXXX:  aa aa aa aa aa aa aa aa aa aa aa aa aa aa aa aa  ................
XXXXXXXX:  aa aa aa aa aa aa aa aa aa aa aa aa aa aa aa aa  ................
XXXXXXXX:  aa aa aa aa aa aa aa aa aa aa aa aa aa aa aa aa  ................
XXXXXXXX:  aa aa aa aa aa aa aa aa aa aa aa aa aa aa aa aa  ................
XXXXXXXX:  aa aa aa aa aa aa aa aa aa aa aa aa aa aa aa aa  ................
XXXXXXXX:  aa aa aa aa aa aa aa aa aa aa aa aa aa aa aa aa  ................
XXXXXXXX:  aa aa aa aa aa aa aa aa aa aa aa aa aa aa aa aa  ................
XXXXXXXX:  aa aa aa aa aa aa aa aa aa aa aa aa aa aa aa aa  ................
XXXXXXXX:  aa aa aa aa aa aa aa aa aa aa aa aa aa aa aa aa  ................
XXXXXXXX:  aa aa aa aa aa aa aa aa aa aa aa aa aa aa aa aa  ................
XXXXXXXX:  aa aa aa aa aa aa aa aa aa aa aa aa aa aa aa aa  ................
XXXXXXXX:  aa aa aa aa aa aa aa aa aa aa aa aa aa aa aa aa  ................
XXXXXXXX:  aa aa aa aa aa aa aa aa aa aa aa aa aa aa aa aa  ................
XXXXXXXX:  aa aa aa aa aa aa aa aa aa aa aa aa aa aa aa aa  ................
XXXXXXXX:  aa aa aa aa aa aa aa aa aa aa aa aa aa aa aa aa  ................
XXXXXXXX:  aa aa aa aa aa aa aa aa aa aa aa aa aa aa aa aa  ................
XXXXXXXX:  aa aa aa aa aa aa aa aa aa aa aa aa aa aa aa aa  ................
XXXXXXXX:  aa aa aa aa aa aa aa aa aa aa aa aa aa aa aa aa  ................
XXXXXXXX:  aa aa aa aa aa aa aa aa aa aa aa aa aa aa aa aa  ................
XXXXXXXX:  aa aa aa aa aa aa aa aa aa aa aa aa aa aa aa aa  ................
XXXXXXXX:  aa aa aa aa aa aa aa aa aa aa aa aa aa aa aa aa  ................
XXXXXXXX:  aa aa aa aa aa aa aa aa aa aa aa aa aa aa aa aa  ................
XXXXXXXX:  aa aa aa aa aa aa aa aa aa aa aa aa aa aa aa aa  ................
XXXXXXXX:  aa aa aa aa aa aa aa aa aa aa aa aa aa aa aa aa  ................
XXXXXXXX:  aa aa aa aa aa aa aa aa aa aa aa aa aa aa aa aa  ................
XXXXXXXX:  aa aa aa aa aa aa aa aa aa aa aa aa aa aa aa aa  ................
XXXXXXXX:  aa aa aa aa aa aa aa aa aa aa aa aa aa aa aa aa  ................
XXXXXXXX:  aa aa aa aa aa aa aa aa aa aa aa aa aa aa aa aa  ................
XXXXXXXX:  aa aa aa aa aa aa aa aa aa aa aa aa aa aa aa aa  ................
XXXXXXXX:  aa aa aa aa aa aa aa aa aa aa aa aa aa aa aa aa  ................
XXXXXXXX:  aa aa aa aa aa aa aa aa aa aa aa aa aa aa aa aa  ................
XXXXXXXX:  aa aa aa aa aa aa aa aa aa aa aa aa aa aa aa aa  ................
XXXXXXXX:  aa aa aa aa aa aa aa aa aa aa aa aa aa aa aa aa  ................
XXXXXXXX:  aa aa aa aa aa aa aa aa aa aa aa aa aa aa aa aa  ................
XXXXXXXX:  aa aa aa aa aa aa aa aa aa aa aa aa aa aa aa aa  ................
XXXXXXXX:  aa aa aa aa aa aa aa aa aa aa aa aa aa aa aa aa  ................
XXXXXXXX:  aa aa aa aa aa aa aa aa aa aa aa aa aa aa aa aa  ................
XXXXXXXX:  aa aa aa aa aa aa aa aa aa aa aa aa aa aa aa aa  ................
XXXXXXXX:  aa aa aa aa aa aa aa aa aa aa aa aa aa aa aa aa  ................
XXXXXXXX:  aa aa aa aa aa aa aa aa aa aa aa aa aa aa aa aa  ................
XXXXXXXX:  aa aa aa aa aa aa aa aa aa aa aa aa aa aa aa aa  ................
XXXXXXXX:  aa aa aa aa aa aa aa aa aa aa aa aa aa aa aa aa  ................
XXXXXXXX:  aa aa aa aa aa aa aa aa aa aa aa aa aa aa aa aa  ................
XXXXXXXX:  aa aa aa aa aa aa aa aa aa aa aa aa aa aa aa aa  ................
XXXXXXXX:  aa aa aa aa aa aa aa aa aa aa aa aa aa aa aa aa  ................
XXXXXXXX:  aa aa aa aa aa aa aa aa aa aa aa aa aa aa aa aa  ................
XXXXXXXX:  aa aa aa aa aa aa aa aa aa aa aa aa aa aa aa aa  ................
XXXXXXXX:  aa aa aa aa aa aa aa aa aa aa aa aa aa aa aa aa  ................
XXXXXXXX:  aa aa aa aa aa aa aa aa aa aa aa aa aa aa aa aa  ................
XXXXXXXX:  aa aa aa aa aa aa aa aa aa aa aa aa aa aa aa aa  ................
XXXXXXXX:  aa aa aa aa aa aa aa aa aa aa aa aa aa aa aa aa  ................
XXXXXXXX:  aa aa aa aa aa aa aa aa aa aa aa aa aa aa aa aa  ................
XXXXXXXX:  aa aa aa aa aa aa aa aa aa aa aa aa aa aa aa aa  ................
XXXXXXXX:  aa aa aa aa aa aa aa aa aa aa aa aa aa aa aa aa  ................
XXXXXXXX:  aa aa aa aa aa aa aa aa aa aa aa aa aa aa aa aa  ................
XXXXXXXX:  aa aa aa aa aa aa aa aa aa aa aa aa aa aa aa aa  ................
XXXXXXXX:  aa aa aa aa aa aa aa aa aa aa aa aa aa aa aa aa  ................
XXXXXXXX:  aa aa aa aa aa aa aa aa aa aa aa aa aa aa aa aa  ................
XXXXXXXX:  aa aa aa aa aa aa aa aa aa aa aa aa aa aa aa aa  ................
XXXXXXXX:  aa aa aa aa aa aa aa aa aa aa aa aa aa aa aa aa  ................
XXXXXXXX:  aa aa aa aa aa aa aa aa aa aa aa aa aa aa aa aa  ................
XXXXXXXX:  aa aa aa aa aa aa aa aa aa aa aa aa aa aa aa aa  ................
XXXXXXXX:  aa aa aa aa aa aa aa aa aa aa aa aa aa aa aa aa  ................
XXXXXXXX:  aa aa aa aa aa aa aa aa aa aa aa aa aa aa aa aa  ................
XXXXXXXX:  aa aa aa aa aa aa aa aa aa aa aa aa aa aa aa aa  ................
XXXXXXXX:  aa aa aa aa aa aa aa aa aa aa aa aa aa aa aa aa  ................
XXXXXXXX:  aa aa aa aa aa aa aa aa aa aa aa aa aa aa aa aa  ................
XXXXXXXX:  aa aa aa aa aa aa aa aa aa aa aa aa aa aa aa aa  ................
XXXXXXXX:  aa aa aa aa aa aa aa aa aa aa aa aa aa aa aa aa  ................
XXXXXXXX:  aa aa aa aa aa aa aa aa aa aa aa aa aa aa aa aa  ................
XXXXXXXX:  aa aa aa aa aa aa aa aa aa aa aa aa aa aa aa aa  ................
XXXXXXXX:  aa aa aa aa aa aa aa aa aa aa aa aa aa aa aa aa  ................
XXXXXXXX:  aa aa aa aa aa aa aa aa aa aa aa aa aa aa aa aa  ................
XXXXXXXX:  aa aa aa aa aa aa aa aa aa aa aa aa aa aa aa aa  ................
XXXXXXXX:  aa aa aa aa aa aa aa aa aa aa aa aa aa aa aa aa  ................
XXXXXXXX:  aa aa aa aa aa aa aa aa aa aa aa aa aa aa aa aa  ................
XXXXXXXX:  aa aa aa aa aa aa aa aa aa aa aa aa aa aa aa aa  ................
XXXXXXXX:  aa aa aa aa aa aa aa aa aa aa aa aa aa aa aa aa  ................
XXXXXXXX:  aa aa aa aa aa aa aa aa aa aa aa aa aa aa aa aa  ................
XXXXXXXX:  aa aa aa aa aa aa aa aa aa aa aa aa aa aa aa aa  ................
XXXXXXXX:  aa aa aa aa aa aa aa aa aa aa aa aa aa aa aa aa  ................
XXXXXXXX:  aa aa aa aa aa aa aa aa aa aa aa aa aa aa aa aa  ................
XXXXXXXX:  aa aa aa aa aa aa aa aa aa aa aa aa aa aa aa aa  ................
XXXXXXXX:  aa aa aa aa aa aa aa aa aa aa aa aa aa aa aa aa  ................
XXXXXXXX:  aa aa aa aa aa aa aa aa aa aa aa aa aa aa aa aa  ................
XXXXXXXX:  aa aa aa aa aa aa aa aa aa aa aa aa aa aa aa aa  ................
XXXXXXXX:  aa aa aa aa aa aa aa aa aa aa aa aa aa aa aa aa  ................
XXXXXXXX:  aa aa aa aa aa aa aa aa aa aa aa aa aa aa aa aa  ................
XXXXXXXX:  aa aa aa aa aa aa aa aa aa aa aa aa aa aa aa aa  ................
XXXXXXXX:  aa aa aa aa aa aa aa aa aa aa aa aa aa aa aa aa  ................
XXXXXXXX:  aa aa aa aa aa aa aa aa aa aa aa aa aa aa aa aa  ................
XXXXXXXX:  aa aa aa aa aa aa aa aa aa aa aa aa aa aa aa aa  ................
XXXXXXXX:  aa aa aa aa aa aa aa aa aa aa aa aa aa aa aa aa  ................
XXXXXXXX:  aa aa aa aa aa aa aa aa aa aa aa aa aa aa aa aa  ................
XXXXXXXX:  aa aa aa aa aa aa aa aa aa aa aa aa aa aa aa aa  ................
XXXXXXXX:  aa aa aa aa aa aa aa aa aa aa aa aa aa aa aa aa  ................
XXXXXXXX:  aa aa aa aa aa aa aa aa aa aa aa aa aa aa aa aa  ................
XXXXXXXX:  aa aa aa aa aa aa aa aa aa aa aa aa aa aa aa aa  ................
XXXXXXXX:  aa aa aa aa aa aa aa aa aa aa aa aa aa aa aa aa  ................
XXXXXXXX:  aa aa aa aa aa aa aa aa aa aa aa aa aa aa aa aa  ................
XXXXXXXX:  aa aa aa aa aa aa aa aa aa aa aa aa aa aa aa aa  ................
XXXXXXXX:  aa aa aa aa aa aa aa aa aa aa aa aa aa aa aa aa  ................
XXXXXXXX:  aa aa aa aa aa aa aa aa aa aa aa aa aa aa aa aa  ................
XXXXXXXX:  aa aa aa aa aa aa aa aa aa aa aa aa aa aa aa aa  ................
XXXXXXXX:  aa aa aa aa aa aa aa aa aa aa aa aa aa aa aa aa  ................
XXXXXXXX:  aa aa aa aa aa aa aa aa aa aa aa aa aa aa aa aa  ................
XXXXXXXX:  aa aa aa aa aa aa aa aa aa aa aa aa aa aa aa aa  ................
XXXXXXXX:  aa aa aa aa aa aa aa aa aa aa aa aa aa aa aa aa  ................
XXXXXXXX:  aa aa aa aa aa aa aa aa aa aa aa aa aa aa aa aa  ................
XXXXXXXX:  aa aa aa aa aa aa aa aa aa aa aa aa aa aa aa aa  ................
XXXXXXXX:  aa aa aa aa aa aa aa aa aa aa aa aa aa aa aa aa  ................
XXXXXXXX:  aa aa aa aa aa aa aa aa aa aa aa aa aa aa aa aa  ................
XXXXXXXX:  aa aa aa aa aa aa aa aa aa aa aa aa aa aa aa aa  ................
XXXXXXXX:  aa aa aa aa aa aa aa aa aa aa aa aa aa aa aa aa  ................
XXXXXXXX:  aa aa aa aa aa aa aa aa aa aa aa aa aa aa aa aa  ................
XXXXXXXX:  aa aa aa aa aa aa aa aa aa aa aa aa aa aa aa aa  ................
XXXXXXXX:  aa aa aa aa aa aa aa aa aa aa aa aa aa aa aa aa  ................
XXXXXXXX:  aa aa aa aa aa aa aa aa aa aa aa aa aa aa aa aa  ................
XXXXXXXX:  aa aa aa aa aa aa aa aa aa aa aa aa aa aa aa aa  ................
XXXXXXXX:  aa aa aa aa aa aa aa aa aa aa aa aa aa aa aa aa  ................
XXXXXXXX:  aa aa aa aa aa aa aa aa aa aa aa aa aa aa aa aa  ................
XXXXXXXX:  aa aa aa aa aa aa aa aa aa aa aa aa aa aa aa aa  ................
XXXXXXXX:  aa aa aa aa aa aa aa aa aa aa aa aa aa aa aa aa  ................
XXXXXXXX:  aa aa aa aa aa aa aa aa aa aa aa aa aa aa aa aa  ................
XXXXXXXX:  aa aa aa aa aa aa aa aa aa aa aa aa aa aa aa aa  ................
XXXXXXXX:  aa aa aa aa aa aa aa aa aa aa aa aa aa aa aa aa  ................
XXXXXXXX:  aa aa aa aa aa aa aa aa aa aa aa aa aa aa aa aa  ................
XXXXXXXX:  aa aa aa aa aa aa aa aa aa aa aa aa aa aa aa aa  ................
XXXXXXXX:  aa aa aa aa aa aa aa aa aa aa aa aa aa aa aa aa  ................
XXXXXXXX:  aa aa aa aa aa aa aa aa aa aa aa aa aa aa aa aa  ................
XXXXXXXX:  aa aa aa aa aa aa aa aa aa aa aa aa aa aa aa aa  ................
XXXXXXXX:  aa aa aa aa aa aa aa aa aa aa aa aa aa aa aa aa  ................
XXXXXXXX:  aa aa aa aa aa aa aa aa aa aa aa aa aa aa aa aa  ................
XXXXXXXX:  aa aa aa aa aa aa aa aa aa aa aa aa aa aa aa aa  ................
XXXXXXXX:  aa aa aa aa aa aa aa aa aa aa aa aa aa aa aa aa  ................
XXXXXXXX:  aa aa aa aa aa aa aa aa aa aa aa aa aa aa aa aa  ................
XXXXXXXX:  aa aa aa aa aa aa aa aa aa aa aa aa aa aa aa aa  ................
XXXXXXXX:  aa aa aa aa aa aa aa aa aa aa aa aa aa aa aa aa  ................
XXXXXXXX:  aa aa aa aa aa aa aa aa aa aa aa aa aa aa aa aa  ................
XXXXXXXX:  aa aa aa aa aa aa aa aa aa aa aa aa aa aa aa aa  ................
XXXXXXXX:  aa aa aa aa aa aa aa aa aa aa aa aa aa aa aa aa  ................
XXXXXXXX:  aa aa aa aa aa aa aa aa aa aa aa aa aa aa aa aa  ................
XXXXXXXX:  aa aa aa aa aa aa aa aa aa aa aa aa aa aa aa aa  ................
XXXXXXXX:  aa aa aa aa aa aa aa aa aa aa aa aa aa aa aa aa  ................
XXXXXXXX:  aa aa aa aa aa aa aa aa aa aa aa aa aa aa aa aa  ................
XXXXXXXX:  aa aa aa aa aa aa aa aa aa aa aa aa aa aa aa aa  ................
XXXXXXXX:  aa aa aa aa aa aa aa aa aa aa aa aa aa aa aa aa  ................
XXXXXXXX:  aa aa aa aa aa aa aa aa aa aa aa aa aa aa aa aa  ................
XXXXXXXX:  aa aa aa aa aa aa aa aa aa aa aa aa aa aa aa aa  ................
XXXXXXXX:  aa aa aa aa aa aa aa aa aa aa aa aa aa aa aa aa  ................
XXXXXXXX:  aa aa aa aa aa aa aa aa aa aa aa aa aa aa aa aa  ................
XXXXXXXX:  aa aa aa aa aa aa aa aa aa aa aa aa aa aa aa aa  ................
XXXXXXXX:  aa aa aa aa aa aa aa aa aa aa aa aa aa aa aa aa  ................
XXXXXXXX:  aa aa aa aa aa aa aa aa aa aa aa aa aa aa aa aa  ................
XXXXXXXX:  aa aa aa aa aa aa aa aa aa aa aa aa aa aa aa aa  ................
XXXXXXXX:  aa aa aa aa aa aa aa aa aa aa aa aa aa aa aa aa  ................
XXXXXXXX:  aa aa aa aa aa aa aa aa aa aa aa aa aa aa aa aa  ................
XXXXXXXX:  aa aa aa aa aa aa aa aa aa aa aa aa aa aa aa aa  ................
XXXXXXXX:  aa aa aa aa aa aa aa aa aa aa aa aa aa aa aa aa  ................
XXXXXXXX:  aa aa aa aa aa aa aa aa aa aa aa aa aa aa aa aa  ................
XXXXXXXX:  aa aa aa aa aa aa aa aa aa aa aa aa aa aa aa aa  ................
XXXXXXXX:  aa aa aa aa aa aa aa aa aa aa aa aa aa aa aa aa  ................
XXXXXXXX:  aa aa aa aa aa aa aa aa aa aa aa aa aa aa aa aa  ................
XXXXXXXX:  aa aa aa aa aa aa aa aa aa aa aa aa aa aa aa aa  ................
XXXXXXXX:  aa aa aa aa aa aa aa aa aa aa aa aa aa aa aa aa  ................
XXXXXXXX:  aa aa aa aa aa aa aa aa aa aa aa aa aa aa aa aa  ................
XXXXXXXX:  aa aa aa aa aa aa aa aa aa aa aa aa aa aa aa aa  ................
XXXXXXXX:  aa aa aa aa aa aa aa aa aa aa aa aa aa aa aa aa  ................
XXXXXXXX:  aa aa aa aa aa aa aa aa aa aa aa aa aa aa aa aa  ................
XXXXXXXX:  aa aa aa aa aa aa aa aa aa aa aa aa aa aa aa aa  ................
XXXXXXXX:  aa aa aa aa aa aa aa aa aa aa aa aa aa aa aa aa  ................
XXXXXXXX:  aa aa aa aa aa aa aa aa aa aa aa aa aa aa aa aa  ................
XXXXXXXX:  aa aa aa aa aa aa aa aa aa aa aa aa aa aa aa aa  ................
XXXXXXXX:  aa aa aa aa aa aa aa aa aa aa aa aa aa aa aa aa  ................
XXXXXXXX:  aa aa aa aa aa aa aa aa aa aa aa aa aa aa aa aa  ................
XXXXXXXX:  aa aa aa aa aa aa aa aa aa aa aa aa aa aa aa aa  ................
XXXXXXXX:  aa aa aa aa aa aa aa aa aa aa aa aa aa aa aa aa  ................
XXXXXXXX:  aa aa aa aa aa aa aa aa aa aa aa aa aa aa aa aa  ................
XXXXXXXX:  aa aa aa aa aa aa aa aa aa aa aa aa aa aa aa aa  ................
XXXXXXXX:  aa aa aa aa aa aa aa aa aa aa aa aa aa aa aa aa  ................
XXXXXXXX:  aa aa aa aa aa aa aa aa aa aa aa aa aa aa aa aa  ................
XXXXXXXX:  aa aa aa aa aa aa aa aa aa aa aa aa aa aa aa aa  ................
XXXXXXXX:  aa aa aa aa aa aa aa aa aa aa aa aa aa aa aa aa  ................
XXXXXXXX:  aa aa aa aa aa aa aa aa aa aa aa aa aa aa aa aa  ................
XXXXXXXX:  aa aa aa aa aa aa aa aa aa aa aa aa aa aa aa aa  ................
XXXXXXXX:  aa aa aa aa aa aa aa aa aa aa aa aa aa aa aa aa  ................
XXXXXXXX:  aa aa aa aa aa aa aa aa aa aa aa aa aa aa aa aa  ................
XXXXXXXX:  aa aa aa aa aa aa aa aa aa aa aa aa aa aa aa aa  ................
XXXXXXXX:  aa aa aa aa aa aa aa aa aa aa aa aa aa aa aa aa  ................
XXXXXXXX:  aa aa aa aa aa aa aa aa aa aa aa aa aa aa aa aa  ................
XXXXXXXX:  aa aa aa aa aa aa aa aa aa aa aa aa aa aa aa aa  ................
XXXXXXXX:  aa aa aa aa aa aa aa aa aa aa aa aa aa aa aa aa  ................
XXXXXXXX:  aa aa aa aa aa aa aa aa aa aa aa aa aa aa aa aa  ................
XXXXXXXX:  aa aa aa aa aa aa aa aa aa aa aa aa aa aa aa aa  ................
XXXXXXXX:  aa aa aa aa aa aa aa aa aa aa aa aa aa aa aa aa  ................
XXXXXXXX:  aa aa aa aa aa aa aa aa aa aa aa aa aa aa aa aa  ................
XXXXXXXX:  aa aa aa aa aa aa aa aa aa aa aa aa aa aa aa aa  ................
XXXXXXXX:  aa aa aa aa aa aa aa aa aa aa aa aa aa aa aa aa  ................
XXXXXXXX:  aa aa aa aa aa aa aa aa aa aa aa aa aa aa aa aa  ................
XXXXXXXX:  aa aa aa aa aa aa aa aa aa aa aa aa aa aa aa aa  ................
XXXXXXXX:  aa aa aa aa aa aa aa aa aa aa aa aa aa aa aa aa  ................
XXXXXXXX:  aa aa aa aa aa aa aa aa aa aa aa aa aa aa aa aa  ................
XXXXXXXX:  aa aa aa aa aa aa aa aa aa aa aa aa aa aa aa aa  ................
XXXXXXXX:  aa aa aa aa aa aa aa aa aa aa aa aa aa aa aa aa  ................
XXXXXXXX:  aa aa aa aa aa aa aa aa aa aa aa aa aa aa aa aa  ................
XXXXXXXX:  aa aa aa aa aa aa aa aa aa aa aa aa aa aa aa aa  ................
XXXXXXXX:  aa aa aa aa aa aa aa aa aa aa aa aa aa aa aa aa  ................
XXXXXXXX:  aa aa aa aa aa aa aa aa aa aa aa aa aa aa aa aa  ................
XXXXXXXX:  aa aa aa aa aa aa aa aa aa aa aa aa aa aa aa aa  ................
XXXXXXXX:  aa aa aa aa aa aa aa aa aa aa aa aa aa aa aa aa  ................
XXXXXXXX:  aa aa aa aa aa aa aa aa aa aa aa aa aa aa aa aa  ................
XXXXXXXX:  aa aa aa aa aa aa aa aa aa aa aa aa aa aa aa aa  ................
XXXXXXXX:  aa aa aa aa aa aa aa aa aa aa aa aa aa aa aa aa  ................
XXXXXXXX:  aa aa aa aa aa aa aa aa aa aa aa aa aa aa aa aa  ................
XXXXXXXX:  aa aa aa aa aa aa aa aa aa aa aa aa aa aa aa aa  ................
XXXXXXXX:  aa aa aa aa aa aa aa aa aa aa aa aa aa aa aa aa  ................
XXXXXXXX:  aa aa aa aa aa aa aa aa aa aa aa aa aa aa aa aa  ................
XXXXXXXX:  aa aa aa aa aa aa aa aa aa aa aa aa aa aa aa aa  ................
XXXXXXXX:  aa aa aa aa aa aa aa aa aa aa aa aa aa aa aa aa  ................
XXXXXXXX:  aa aa aa aa aa aa aa aa aa aa aa aa aa aa aa aa  ................
XXXXXXXX:  aa aa aa aa aa aa aa aa aa aa aa aa aa aa aa aa  ................
XXXXXXXX:  aa aa aa aa aa aa aa aa aa aa aa aa aa aa aa aa  ................
XXXXXXXX:  aa aa aa aa aa aa aa aa aa aa aa aa aa aa aa aa  ................
XXXXXXXX:  aa aa aa aa aa aa aa aa aa aa aa aa aa aa aa aa  ................
XXXXXXXX:  aa aa aa aa aa aa aa aa aa aa aa aa aa aa aa aa  ................
XXXXXXXX:  aa aa aa aa aa aa aa aa aa aa aa aa aa aa aa aa  ................
XXXXXXXX:  aa aa aa aa aa aa aa aa aa aa aa aa aa aa aa aa  ................
XXXXXXXX:  aa aa aa aa aa aa aa aa aa aa aa aa aa aa aa aa  ................
XXXXXXXX:  aa aa aa aa aa aa aa aa aa aa aa aa aa aa aa aa  ................
XXXXXXXX:  aa aa aa aa aa aa aa aa aa aa aa aa aa aa aa aa  ................
XXXXXXXX:  aa aa aa aa aa aa aa aa aa aa aa aa aa aa aa aa  ................
XXXXXXXX:  aa aa aa aa aa aa aa aa aa aa aa aa aa aa aa aa  ................
XXXXXXXX:  aa aa aa aa aa aa aa aa aa aa aa aa aa aa aa aa  ................
XXXXXXXX:  aa aa aa aa aa aa aa aa aa aa aa aa aa aa aa aa  ................
XXXXXXXX:  aa aa aa aa aa aa aa aa aa aa aa aa aa aa aa aa  ................
XXXXXXXX:  aa aa aa aa aa aa aa aa aa aa aa aa aa aa aa aa  ................
XXXXXXXX:  aa aa aa aa aa aa aa aa aa aa aa aa aa aa aa aa  ................
XXXXXXXX:  aa aa aa aa aa aa aa aa aa aa aa aa aa aa aa aa  ................
XXXXXXXX:  aa aa aa aa aa aa aa aa aa aa aa aa aa aa aa aa  ................
XXXXXXXX:  aa aa aa aa aa aa aa aa aa aa aa aa aa aa aa aa  ................
XXXXXXXX:  aa aa aa aa aa aa aa aa aa aa aa aa aa aa aa aa  ................
XXXXXXXX:  aa aa aa aa aa aa aa aa aa aa aa aa aa aa aa aa  ................
XXXXXXXX:  aa aa aa aa aa aa aa aa aa aa aa aa aa aa aa aa  ................
read 8192/8192 bytes
XXX Bytes, X ops; XX:XX:XX.X (XXX YYY/sec and XXX ops/sec)
Step 3: writing with two failing mirrors (should fail):
fsync: Input/output error
Disallow global fail_make_request feature
