QA output created by 274
Create subvolume 'SCRATCH_MNT/subvol'
Creating and activating swap file...
Attempting to delete subvolume with swap file enabled...
Disabling swap file...
Attempting to delete subvolume after disabling swap file...
