QA output created by 277

verity send/recv test: sig: false salt: false
create subvolume
create file
enable verity
modify other properties
set subvolume read only
send subvolume
blow away fs
receive sendstream
check received subvolume...
OK

verity send/recv test: sig: false salt: true
create subvolume
create file
enable verity
modify other properties
set subvolume read only
send subvolume
blow away fs
receive sendstream
check received subvolume...
OK

verity send/recv test: sig: true salt: false
create subvolume
create file
generate keys and cert
clear keyring
load cert into keyring
require signatures
sign file digest
enable verity
modify other properties
set subvolume read only
send subvolume
blow away fs
receive sendstream
check received subvolume...
OK

verity send/recv test: sig: true salt: true
create subvolume
create file
generate keys and cert
clear keyring
load cert into keyring
require signatures
sign file digest
enable verity
modify other properties
set subvolume read only
send subvolume
blow away fs
receive sendstream
check received subvolume...
OK
