QA output created by 001
==== create small file ====
wrote 40/40 bytes at offset 0
XXX Bytes, X ops; XX:XX:XX.X (XXX YYY/sec and XXX ops/sec)
==== Fullfill the partition ====
fallocate: No space left on device
==== change i_size & write data ====
pwrite: No space left on device
==== check data contents ====
000000 58 58 58 58 58 58 58 58 58 58 58 58 58 58 58 58  >XXXXXXXXXXXXXXXX<
*
000020 58 58 58 58 58 58 58 58 00 00 00 00 00 00 00 00  >XXXXXXXX........<
000030 00 00 00 00 00 00 00 00 00 00 00 00 00 00 00 00  >................<
*
000060
000000 58 58 58 58 58 58 58 58 58 58 58 58 58 58 58 58  >XXXXXXXXXXXXXXXX<
*
000020 58 58 58 58 58 58 58 58 00 00 00 00 00 00 00 00  >XXXXXXXX........<
000030 00 00 00 00 00 00 00 00 00 00 00 00 00 00 00 00  >................<
*
000060
